
 Start         Length     Name                   Class
 0001:00000000 00051A94H .text                   CODE
 0002:00000000 00001184H .data                   DATA
 0002:00001184 00000BD9H .bss                    BSS


Detailed map of segments

 0001:00000000 00004B03 C=CODE     S=.text    G=(none)   M=System   ACBP=A9
 0001:00004B04 00000140 C=CODE     S=.text    G=(none)   M=SysInit  ACBP=A9
 0001:00004C44 00000078 C=CODE     S=.text    G=(none)   M=Types    ACBP=A9
 0001:00004CBC 00000C04 C=CODE     S=.text    G=(none)   M=Windows  ACBP=A9
 0001:000058C0 00000038 C=CODE     S=.text    G=(none)   M=Messages ACBP=A9
 0001:000058F8 00000310 C=CODE     S=.text    G=(none)   M=SysConst ACBP=A9
 0001:00005C08 00006378 C=CODE     S=.text    G=(none)   M=SysUtils ACBP=A9
 0001:0000BF80 000007FB C=CODE     S=.text    G=(none)   M=VarUtils ACBP=A9
 0001:0000C77C 00002A42 C=CODE     S=.text    G=(none)   M=Variants ACBP=A9
 0001:0000F1C0 00000120 C=CODE     S=.text    G=(none)   M=RTLConsts ACBP=A9
 0001:0000F2E0 000007E8 C=CODE     S=.text    G=(none)   M=TypInfo  ACBP=A9
 0001:0000FAC8 00000038 C=CODE     S=.text    G=(none)   M=ActiveX  ACBP=A9
 0001:0000FB00 000097C6 C=CODE     S=.text    G=(none)   M=Classes  ACBP=A9
 0001:000192C8 00000290 C=CODE     S=.text    G=(none)   M=Consts   ACBP=A9
 0001:00019558 000072BF C=CODE     S=.text    G=(none)   M=Graphics ACBP=A9
 0001:00020818 00000048 C=CODE     S=.text    G=(none)   M=Math     ACBP=A9
 0001:00020860 000002B8 C=CODE     S=.text    G=(none)   M=Contnrs  ACBP=A9
 0001:00020B18 000000F4 C=CODE     S=.text    G=(none)   M=CommCtrl ACBP=A9
 0001:00020C0C 00000787 C=CODE     S=.text    G=(none)   M=MultiMon ACBP=A9
 0001:00021394 00000038 C=CODE     S=.text    G=(none)   M=Imm      ACBP=A9
 0001:000213CC 00000FF8 C=CODE     S=.text    G=(none)   M=HelpIntfs ACBP=A9
 0001:000223C4 00000038 C=CODE     S=.text    G=(none)   M=WinSpool ACBP=A9
 0001:000223FC 00000044 C=CODE     S=.text    G=(none)   M=Printers ACBP=A9
 0001:00022440 0000031F C=CODE     S=.text    G=(none)   M=FlatSB   ACBP=A9
 0001:00022760 000001A4 C=CODE     S=.text    G=(none)   M=SyncObjs ACBP=A9
 0001:00022904 000009BB C=CODE     S=.text    G=(none)   M=UxTheme  ACBP=A9
 0001:000232C0 00000038 C=CODE     S=.text    G=(none)   M=RichEdit ACBP=A9
 0001:000232F8 00000038 C=CODE     S=.text    G=(none)   M=ToolWin  ACBP=A9
 0001:00023330 00000038 C=CODE     S=.text    G=(none)   M=ShellAPI ACBP=A9
 0001:00023368 00000038 C=CODE     S=.text    G=(none)   M=RegStr   ACBP=A9
 0001:000233A0 00000038 C=CODE     S=.text    G=(none)   M=WinInet  ACBP=A9
 0001:000233D8 00000038 C=CODE     S=.text    G=(none)   M=UrlMon   ACBP=A9
 0001:00023410 00000038 C=CODE     S=.text    G=(none)   M=ShlObj   ACBP=A9
 0001:00023448 00000038 C=CODE     S=.text    G=(none)   M=CommDlg  ACBP=A9
 0001:00023480 00000038 C=CODE     S=.text    G=(none)   M=Dlgs     ACBP=A9
 0001:000234B8 0000066D C=CODE     S=.text    G=(none)   M=Dialogs  ACBP=A9
 0001:00023B28 00001BA2 C=CODE     S=.text    G=(none)   M=ExtCtrls ACBP=A9
 0001:000256CC 00000038 C=CODE     S=.text    G=(none)   M=ComStrs  ACBP=A9
 0001:00025704 00000094 C=CODE     S=.text    G=(none)   M=Clipbrd  ACBP=A9
 0001:00025798 00000038 C=CODE     S=.text    G=(none)   M=StrUtils ACBP=A9
 0001:000257D0 000000F5 C=CODE     S=.text    G=(none)   M=Buttons  ACBP=A9
 0001:000258C8 00000038 C=CODE     S=.text    G=(none)   M=ExtDlgs  ACBP=A9
 0001:00025900 00000068 C=CODE     S=.text    G=(none)   M=IniFiles ACBP=A9
 0001:00025968 00000068 C=CODE     S=.text    G=(none)   M=Registry ACBP=A9
 0001:000259D0 0000006C C=CODE     S=.text    G=(none)   M=Mapi     ACBP=A9
 0001:00025A3C 00000058 C=CODE     S=.text    G=(none)   M=ExtActns ACBP=A9
 0001:00025A94 00000038 C=CODE     S=.text    G=(none)   M=ListActns ACBP=A9
 0001:00025ACC 00000180 C=CODE     S=.text    G=(none)   M=ComCtrls ACBP=A9
 0001:00025C4C 00000AF4 C=CODE     S=.text    G=(none)   M=Themes   ACBP=A9
 0001:00026740 00003ACC C=CODE     S=.text    G=(none)   M=StdCtrls ACBP=A9
 0001:0002A20C 00000168 C=CODE     S=.text    G=(none)   M=StdActns ACBP=A9
 0001:0002A374 00000D1F C=CODE     S=.text    G=(none)   M=WinHelpViewer ACBP=A9
 0001:0002B094 00010B7B C=CODE     S=.text    G=(none)   M=Controls ACBP=A9
 0001:0003BC10 00001292 C=CODE     S=.text    G=(none)   M=ActnList ACBP=A9
 0001:0003CEA4 000016E4 C=CODE     S=.text    G=(none)   M=ImgList  ACBP=A9
 0001:0003E588 00006639 C=CODE     S=.text    G=(none)   M=Menus    ACBP=A9
 0001:00044BC4 0000C408 C=CODE     S=.text    G=(none)   M=Forms    ACBP=A9
 0001:00050FCC 00000878 C=CODE     S=.text    G=(none)   M=unt_Teste_Menu ACBP=A9
 0001:00051844 0000024D C=CODE     S=.text    G=(none)   M=TesteMenu ACBP=A9
 0002:00000000 0000009C C=DATA     S=.data    G=DGROUP   M=System   ACBP=A9
 0002:0000009C 00000020 C=DATA     S=.data    G=DGROUP   M=SysInit  ACBP=A9
 0002:000000BC 00000254 C=DATA     S=.data    G=DGROUP   M=SysUtils ACBP=A9
 0002:00000310 00000008 C=DATA     S=.data    G=DGROUP   M=VarUtils ACBP=A9
 0002:00000318 0000008E C=DATA     S=.data    G=DGROUP   M=Variants ACBP=A9
 0002:000003A8 0000000C C=DATA     S=.data    G=DGROUP   M=TypInfo  ACBP=A9
 0002:000003B4 00000064 C=DATA     S=.data    G=DGROUP   M=Classes  ACBP=A9
 0002:00000418 00000304 C=DATA     S=.data    G=DGROUP   M=Graphics ACBP=A9
 0002:0000071C 00000004 C=DATA     S=.data    G=DGROUP   M=Printers ACBP=A9
 0002:00000720 00000074 C=DATA     S=.data    G=DGROUP   M=Dialogs  ACBP=A9
 0002:00000794 00000178 C=DATA     S=.data    G=DGROUP   M=ExtCtrls ACBP=A9
 0002:0000090C 0000002C C=DATA     S=.data    G=DGROUP   M=Buttons  ACBP=A9
 0002:00000938 00000008 C=DATA     S=.data    G=DGROUP   M=IniFiles ACBP=A9
 0002:00000940 00000008 C=DATA     S=.data    G=DGROUP   M=Registry ACBP=A9
 0002:00000948 00000008 C=DATA     S=.data    G=DGROUP   M=Mapi     ACBP=A9
 0002:00000950 00000018 C=DATA     S=.data    G=DGROUP   M=ComCtrls ACBP=A9
 0002:00000968 00000068 C=DATA     S=.data    G=DGROUP   M=Themes   ACBP=A9
 0002:000009D0 0000005C C=DATA     S=.data    G=DGROUP   M=StdCtrls ACBP=A9
 0002:00000A2C 0000013C C=DATA     S=.data    G=DGROUP   M=Controls ACBP=A9
 0002:00000B68 00000020 C=DATA     S=.data    G=DGROUP   M=ImgList  ACBP=A9
 0002:00000B88 000000EC C=DATA     S=.data    G=DGROUP   M=Menus    ACBP=A9
 0002:00000C74 0000011C C=DATA     S=.data    G=DGROUP   M=Forms    ACBP=A9
 0002:00002000 00000660 C=BSS      S=.bss     G=DGROUP   M=System   ACBP=A9
 0002:00002660 00000010 C=BSS      S=.bss     G=DGROUP   M=SysInit  ACBP=A9
 0002:00002670 00000004 C=BSS      S=.bss     G=DGROUP   M=Types    ACBP=A9
 0002:00002674 00000004 C=BSS      S=.bss     G=DGROUP   M=Windows  ACBP=A9
 0002:00002678 00000004 C=BSS      S=.bss     G=DGROUP   M=Messages ACBP=A9
 0002:0000267C 00000004 C=BSS      S=.bss     G=DGROUP   M=SysConst ACBP=A9
 0002:00002680 00000120 C=BSS      S=.bss     G=DGROUP   M=SysUtils ACBP=A9
 0002:000027A0 0000005C C=BSS      S=.bss     G=DGROUP   M=VarUtils ACBP=A9
 0002:000027FC 00000040 C=BSS      S=.bss     G=DGROUP   M=Variants ACBP=A9
 0002:0000283C 00000004 C=BSS      S=.bss     G=DGROUP   M=RTLConsts ACBP=A9
 0002:00002840 00000004 C=BSS      S=.bss     G=DGROUP   M=TypInfo  ACBP=A9
 0002:00002844 00000004 C=BSS      S=.bss     G=DGROUP   M=ActiveX  ACBP=A9
 0002:00002848 00000040 C=BSS      S=.bss     G=DGROUP   M=Classes  ACBP=A9
 0002:00002888 00000004 C=BSS      S=.bss     G=DGROUP   M=Consts   ACBP=A9
 0002:0000288C 00000060 C=BSS      S=.bss     G=DGROUP   M=Graphics ACBP=A9
 0002:000028EC 00000004 C=BSS      S=.bss     G=DGROUP   M=Math     ACBP=A9
 0002:000028F0 00000004 C=BSS      S=.bss     G=DGROUP   M=Contnrs  ACBP=A9
 0002:000028F4 00000004 C=BSS      S=.bss     G=DGROUP   M=CommCtrl ACBP=A9
 0002:000028F8 00000031 C=BSS      S=.bss     G=DGROUP   M=MultiMon ACBP=A9
 0002:0000292C 00000004 C=BSS      S=.bss     G=DGROUP   M=Imm      ACBP=A9
 0002:00002930 00000008 C=BSS      S=.bss     G=DGROUP   M=HelpIntfs ACBP=A9
 0002:00002938 00000004 C=BSS      S=.bss     G=DGROUP   M=WinSpool ACBP=A9
 0002:0000293C 00000004 C=BSS      S=.bss     G=DGROUP   M=Printers ACBP=A9
 0002:00002940 00000034 C=BSS      S=.bss     G=DGROUP   M=FlatSB   ACBP=A9
 0002:00002974 00000004 C=BSS      S=.bss     G=DGROUP   M=SyncObjs ACBP=A9
 0002:00002978 000000CC C=BSS      S=.bss     G=DGROUP   M=UxTheme  ACBP=A9
 0002:00002A44 00000004 C=BSS      S=.bss     G=DGROUP   M=RichEdit ACBP=A9
 0002:00002A48 00000004 C=BSS      S=.bss     G=DGROUP   M=ToolWin  ACBP=A9
 0002:00002A4C 00000004 C=BSS      S=.bss     G=DGROUP   M=ShellAPI ACBP=A9
 0002:00002A50 00000004 C=BSS      S=.bss     G=DGROUP   M=RegStr   ACBP=A9
 0002:00002A54 00000004 C=BSS      S=.bss     G=DGROUP   M=WinInet  ACBP=A9
 0002:00002A58 00000004 C=BSS      S=.bss     G=DGROUP   M=UrlMon   ACBP=A9
 0002:00002A5C 00000004 C=BSS      S=.bss     G=DGROUP   M=ShlObj   ACBP=A9
 0002:00002A60 00000004 C=BSS      S=.bss     G=DGROUP   M=CommDlg  ACBP=A9
 0002:00002A64 00000004 C=BSS      S=.bss     G=DGROUP   M=Dlgs     ACBP=A9
 0002:00002A68 0000000C C=BSS      S=.bss     G=DGROUP   M=Dialogs  ACBP=A9
 0002:00002A74 00000004 C=BSS      S=.bss     G=DGROUP   M=ExtCtrls ACBP=A9
 0002:00002A78 00000004 C=BSS      S=.bss     G=DGROUP   M=ComStrs  ACBP=A9
 0002:00002A7C 0000000C C=BSS      S=.bss     G=DGROUP   M=Clipbrd  ACBP=A9
 0002:00002A88 00000004 C=BSS      S=.bss     G=DGROUP   M=StrUtils ACBP=A9
 0002:00002A8C 00000030 C=BSS      S=.bss     G=DGROUP   M=Buttons  ACBP=A9
 0002:00002ABC 00000004 C=BSS      S=.bss     G=DGROUP   M=ExtDlgs  ACBP=A9
 0002:00002AC0 00000004 C=BSS      S=.bss     G=DGROUP   M=IniFiles ACBP=A9
 0002:00002AC4 00000004 C=BSS      S=.bss     G=DGROUP   M=Registry ACBP=A9
 0002:00002AC8 00000004 C=BSS      S=.bss     G=DGROUP   M=Mapi     ACBP=A9
 0002:00002ACC 00000009 C=BSS      S=.bss     G=DGROUP   M=ExtActns ACBP=A9
 0002:00002AD8 00000004 C=BSS      S=.bss     G=DGROUP   M=ListActns ACBP=A9
 0002:00002ADC 00000010 C=BSS      S=.bss     G=DGROUP   M=ComCtrls ACBP=A9
 0002:00002AEC 00000008 C=BSS      S=.bss     G=DGROUP   M=Themes   ACBP=A9
 0002:00002AF4 00000004 C=BSS      S=.bss     G=DGROUP   M=StdCtrls ACBP=A9
 0002:00002AF8 00000004 C=BSS      S=.bss     G=DGROUP   M=StdActns ACBP=A9
 0002:00002AFC 00000014 C=BSS      S=.bss     G=DGROUP   M=WinHelpViewer ACBP=A9
 0002:00002B10 00000080 C=BSS      S=.bss     G=DGROUP   M=Controls ACBP=A9
 0002:00002B90 00000004 C=BSS      S=.bss     G=DGROUP   M=ActnList ACBP=A9
 0002:00002B94 0000000C C=BSS      S=.bss     G=DGROUP   M=ImgList  ACBP=A9
 0002:00002BA0 00000010 C=BSS      S=.bss     G=DGROUP   M=Menus    ACBP=A9
 0002:00002BB0 00000020 C=BSS      S=.bss     G=DGROUP   M=Forms    ACBP=A9
 0002:00002BD0 00000008 C=BSS      S=.bss     G=DGROUP   M=unt_Teste_Menu ACBP=A9


  Address         Publics by Name

 0002:00002A58       .1
 0002:00002A5C       .1
 0002:000028F4       .1
 0002:00002A78       .1
 0002:00002A60       .1
 0002:00002960       .1
 0002:00002668       .1
 0002:0000283C       .1
 0002:00002918       .1
 0002:00002AC8       .1
 0002:00002A34       .1
 0002:0000292C       .1
 0002:00002B04       .1
 0002:00002888       .1
 0002:00002670       .1
 0002:0000267C       .1
 0002:00002678       .1
 0002:00002A44       .1
 0002:00002A4C       .1
 0002:00002A64       .1
 0002:00002A88       .1
 0002:00002A50       .1
 0002:00002A54       .1
 0002:00002A68       .11
 0002:00002A74       .12
 0002:00002890       .12
 0002:000028EC       .2
 0002:00002AEC       .2
 0002:00002BD4       .2
 0002:00002930       .2
 0002:00002A80       .2
 0002:000028F0       .21
 0002:00002674       .3
 0002:0000293C       .3
 0002:00002938       .3
 0002:00002844       .3
 0002:00002B94       .3
 0002:00002ABC       .3
 0002:00002790       .35
 0002:00002ADC       .36
 0002:00002A8C       .4
 0002:00002A48       .4
 0002:00002BB8       .41
 0002:00002AF4       .42
 0002:00002854       .45
 0002:000025B8       .5
 0002:00002AC4       .5
 0002:000027F8       .5
 0002:00002974       .6
 0002:00002840       .6
 0002:00002ACC       .72
 0002:00002B18       .72
 0002:00002AF8       .73
 0002:00002AD8       .8
 0002:00002AC0       .8
 0002:00002B90       .8
 0002:0000281C       .81
 0002:00002BA8       .9
 0001:0000191C       @AbstractError
 0001:0000243C       @AfterConstruction
 0001:00002288       @AsClass
 0001:00001A84       @AStrCmp
 0001:0000244C       @BeforeDestruction
 0001:000022D4       @CallDynaInst
 0001:000023E4       @ClassCreate
 0001:00002434       @ClassDestroy
 0001:0000198C       @Close
 0001:00001854       @Copy
 0001:00003AB8       @CopyArray
 0001:0000399C       @CopyRecord
 0001:00003BAC       @DispCallByIDError
 0001:0000D21C       @DispInvokeError
 0001:000028C8       @DoneExcept
 0001:00003DDC       @DynArrayAsg
 0001:00003DA0       @DynArrayClear
 0001:00003BE0       @DynArrayHigh
 0001:00003BD8       @DynArrayLength
 0001:00003D94       @DynArraySetLength
 0001:000029B0       @ExceptionHandler
 0001:00001AF4       @FillChar
 0001:00003978       @Finalize
 0001:0000388C       @FinalizeArray
 0001:00003840       @FinalizeRecord
 0001:00002014       @FpuInit
 0001:00001F50       @FpuMaskInit
 0001:000016DC       @FreeMem
 0001:000016BC       @GetMem
 0001:00004B7C       @GetTls
 0001:00002DF8       @Halt
 0001:00002D20       @Halt0
 0001:00002560       @HandleAnyException
 0001:00002814       @HandleFinally
 0001:0000268C       @HandleOnException
 0001:00004BC8       @InitExe
 0001:000037AC       @InitializeArray
 0001:0000377C       @InitializeRecord
 0001:00002BE4       @InitImports
 0001:00002BBC       @InitResStringImports
 0001:00002B98       @InitResStrings
 0001:000044C0       @IntfAddRef
 0001:00004490       @IntfCast
 0001:0000444C       @IntfClear
 0001:00004464       @IntfCopy
 0001:00002264       @IsClass
 0001:00001F20       @isNECWindows
 0001:000032C0       @LStrAddRef
 0001:00002E34       @LStrArrayClr
 0001:00002E64       @LStrAsg
 0001:000030D8       @LStrCat
 0001:0000311C       @LStrCat3
 0001:00003190       @LStrCatN
 0001:00002E10       @LStrClr
 0001:0000321C       @LStrCmp
 0001:00003330       @LStrCopy
 0001:00003370       @LStrDelete
 0001:00003080       @LStrFromArray
 0001:00002FF8       @LStrFromChar
 0001:00003008       @LStrFromPChar
 0001:00002F00       @LStrFromPCharLen
 0001:00003038       @LStrFromPWChar
 0001:00002F6C       @LStrFromPWCharLen
 0001:00003074       @LStrFromString
 0001:00003098       @LStrFromWStr
 0001:000033B8       @LStrInsert
 0001:00002EA8       @LStrLAsg
 0001:000030D0       @LStrLen
 0001:00003414       @LStrPos
 0001:0000345C       @LStrSetLength
 0001:000032D0       @LStrToPChar
 0001:000030AC       @LStrToString
 0001:00002ED4       @NewAnsiString
 0001:000034C8       @NewWideString
 0001:00001C34       @Pow10
 0001:00001A00       @PStrCmp
 0001:000019E4       @PStrNCpy
 0001:00002874       @RaiseAgain
 0001:0000284C       @RaiseExcept
 0001:000016FC       @ReallocMem
 0001:00001910       @ROUND
 0001:00002E04       @RunError
 0001:00001C18       @SetEq
 0001:00002B58       @StartExe
 0001:0000029C       @strlen
 0001:000028F8       @TryFinallyExit
 0001:00003328       @UniqueStringA
 0001:00001B14       @ValLong
 0001:0000E914       @VarAddRef
 0001:0000D508       @VarClear
 0001:0000D51C       @VarClr
 0001:00003874       @VarClr
 0001:0000D830       @VarCopy
 0001:00003984       @VarCopy
 0001:0000E84C       @VarFromBool
 0001:0000E89C       @VarFromCurr
 0001:0000E7E4       @VarFromInt
 0001:0000E820       @VarFromInt64
 0001:0000E8B0       @VarFromLStr
 0001:0000E874       @VarFromReal
 0001:0000E888       @VarFromTDateTime
 0001:0000E8DC       @VarFromWStr
 0001:0000D270       @VarNull
 0001:0000DB5C       @VarToLStr
 0001:0000E284       @VarToWStr
 0001:00003508       @WStrArrayClr
 0001:0000352C       @WStrAsg
 0001:000034F0       @WStrClr
 0001:00003668       @WStrCmp
 0001:000036EC       @WStrCopy
 0001:0000363C       @WStrFromLStr
 0001:00003550       @WStrFromPCharLen
 0001:00003600       @WStrFromPWChar
 0001:000035DC       @WStrFromPWCharLen
 0001:0000365C       @WStrLen
 0001:00003738       @WStrSetLength
 0001:0000364C       @WStrToPWChar
 0001:00001BF4       @_CLenToPasStr
 0001:00001BE8       @_CToPasStr
 0001:00001824       @_IOTest
 0001:00003BB4       @_llmul
 0001:0002DBE0       AbsMin
 0001:0000A3E4       AbstractErrorHandler
 0002:00002028       AbstractErrorProc
 0002:00000140       AccessMode
 0001:0000178C       AcquireExceptionObject
 0001:00011E84       ActivateClassGroup
 0001:00005160       ActivateKeyboardLayout
 0002:00002B4C       ActiveDrag
 0001:0000FAF8       ActiveX
 0001:0003CE78       ActnList
 0001:000003C8       AddBlockAfter
 0002:000003B4       AddDataModule
 0001:00006830       AddExitProc
 0001:00014F44       AddFinished
 0001:000401BC       AddIn
 0001:000042F0       AddModuleUnloadProc
 0001:000042E0       AddModuleUnloadProc
 0001:00014F7C       AddNotFinished
 0001:000159A0       AddSubComponentsToLoaded
 0001:0001CBBC       AdjustColor
 0001:000471CC       Adjustment
 0001:00005168       AdjustWindowRectEx
 0002:000009D8       Alignments
 0002:00000A1C       Alignments
 0002:00000C5C       Alignments
 0002:00000C4C       Alignments
 0001:00033240       AlignWork
 0001:0004E0C4       AlignWork
 0001:000190A8       AllocateHWnd
 0001:000067E4       AllocMem
 0002:000025B0       AllocMemCount
 0002:000025B4       AllocMemSize
 0001:00020610       AllocPatternBitmap
 0001:00004B24       AllocTlsBuffer
 0002:00000A38       AnchorAlign
 0002:00000A2C       AnimateWindowProc
 0002:00000B34       AnimationStyle
 0001:000069A8       AnsiCompareStr
 0001:000069E0       AnsiCompareText
 0001:00006FD0       AnsiLastChar
 0001:00005170       AnsiLower
 0001:0000ACE4       AnsiPos
 0001:000449D0       AnsiSameCaption
 0001:00006A18       AnsiSameText
 0001:00006A30       AnsiStrLIComp
 0001:0000AD1C       AnsiStrPos
 0001:0000ADBC       AnsiStrRScan
 0001:0000ADE4       AnsiStrScan
 0001:000048C0       AnsiToUtf8
 0001:000083D8       AppendChars
 0001:0000879C       AppendFormat
 0001:0000843C       AppendNumber
 0001:0000841C       AppendString
 0002:00002BB0       Application
 0002:000003C4       ApplicationHandleException
 0002:000003CC       ApplicationShowException
 0002:00000D88       AppVisible
 0001:0000A3C8       AssertErrorHandler
 0002:00002020       AssertErrorProc
 0001:0000F590       AssignLongStr
 0001:0000F934       AssignVariant
 0002:00002608       avail
 0001:000070C4       BackfillGetDiskFreeSpaceEx
 0001:00030774       BackgroundClipped
 0001:0000C210       BackupVarBoolFromStr
 0001:0000C370       BackupVarBStrFromBool
 0001:0000C290       BackupVarBStrFromCy
 0001:0000C300       BackupVarBStrFromDate
 0001:0000C1A4       BackupVarCyFromStr
 0001:0000C138       BackupVarDateFromStr
 0001:0000BFF4       BackupVarI4FromStr
 0001:0000BFA0       BackupVariantChangeTypeEx
 0001:0000C060       BackupVarR4FromStr
 0001:0000C0CC       BackupVarR8FromStr
 0001:000121DC       BeginGlobalLoading
 0001:00005178       BeginPaint
 0001:0001CBC8       BetterSize
 0001:00041030       BiDiDraw
 0001:00004FA8       BitBlt
 0002:0000090C       BitBtnCaptions
 0002:00002A90       BitBtnGlyphs
 0002:000006D0       BitmapCanvasList
 0002:000028A8       BitmapImageLock
 0001:0000BFDC       BiUnimplemented
 0002:000003EC       BlockCode
 0002:000025E0       blockDescBlockList
 0002:000025E4       blockDescFreeList
 0002:000003A8       BooleanIdents
 0002:00000324       BooleanToStringRule
 0001:00006E68       BoolToStr
 0001:0000D8E4       BoolToWStrViaOS
 0002:000009D0       BorderStyles
 0001:0001119C       Bounds
 0001:00004C68       Bounds
 0002:00000BF4       Breaks
 0002:000028E0       BrushManager
 0001:000437E4       BuildImage
 0002:00000768       ButtonCaptions
 0002:0000073C       ButtonNames
 0002:00000C70       Buttons
 0001:000258A0       Buttons
 0002:00000A14       ButtonStyles
 0001:0001C3A8       BytesPerScanline
 0001:0001C700       ByteSwapColors
 0001:0000AA98       ByteToCharIndex
 0001:0000AA70       ByteToCharLen
 0001:0000AA34       ByteType
 0001:0000A9BC       ByteTypeTest
 0002:00002B98       CachedComCtrlVer
 0001:00018FE4       CalcJmpOffset
 0001:0003AF00       CalcSplitterPos
 0001:00005180       CallNextHookEx
 0001:0000B4B0       CallTerminateProcs
 0001:00005188       CallWindowProc
 0001:0002EC18       CancelDrag
 0002:000028E4       CanvasList
 0002:00002B60       CanvasList
 0002:00000728       Captions
 0002:00000AF0       CaptureControl
 0002:00000B94       cBooleanToItemAutoFlag
 0002:00002A7E       CF_COMPONENT
 0002:00002A7C       CF_PICTURE
 0002:00002814       ChangeAnyProc
 0001:0002D198       ChangeBiDiModeAlignment
 0002:000009F8       CharCases
 0001:00002F30       CharFromWChar
 0001:0000AC6C       CharLength
 0001:0000021C       CharNext
 0001:00005190       CharNext
 0001:0001ACF0       CharsetToIdent
 0001:0000AB80       CharToByteIndex
 0001:0000ABE4       CharToByteLen
 0001:00005198       CharToOemA
 0001:0001D178       CheckBool
 0001:000024DC       CheckJmp
 0001:000051A0       CheckMenuItem
 0002:00000BE4       Checks
 0001:000159DC       CheckSubComponents
 0001:00017DA8       CheckSynchronize
 0001:00046C08       CheckTaskWindow
 0001:0002E8CC       CheckUndock
 0001:0000A8B0       CheckWin32Version
 0002:00000328       CInvalidCustomVariantType
 0002:00000B98       cItemAutoFlagToBoolean
 0002:00000B90       cItemAutoFlagToMenu
 0001:00019234       Classes
 0001:00011C48       ClassNotFound
 0002:00002810       ClearAnyProc
 0001:0001A580       ClearColor
 0001:0000EC50       ClearVariantTypeList
 0001:000051A8       ClientToScreen
 0001:000384E8       ClientToWindow
 0002:000006C8       ClipboardFormats
 0001:00025740       Clipbrd
 0001:00004DA0       CloseHandle
 0002:0000297C       CloseThemeData
 0002:0000203C       CmdLine
 0002:00002038       CmdShow
 0002:00000B8C       cMenuAutoFlagToItem
 0001:0000BFE8       CmpUnimplemented
 0002:00000448       Colors
 0001:0001AAE8       ColorToIdent
 0002:00000794       ColorToPretyName
 0001:0001AAD8       ColorToRGB
 0002:00002AE8       ComCtlVersion
 0001:00025C44       ComCtrls
 0002:00002BAC       CommandPool
 0001:00020C04       CommCtrl
 0001:00023478       CommDlg
 0001:000006A8       Commit
 0002:00002624       committedRoot
 0001:0003F7A0       CompareFront
 0001:00006910       CompareMem
 0001:000068E0       CompareStr
 0001:00004DA8       CompareString
 0001:00006930       CompareText
 0001:00006D90       CompareWith
 0001:00015ABC       ComponentCreated
 0001:000256FC       ComStrs
 0001:00019550       Consts
 0001:00020B10       Contnrs
 0002:00002B1E       ControlAtom
 0002:00002B24       ControlAtomString
 0001:0004B994       ControlHasHelp
 0001:0003BB80       Controls
 0001:00009E24       ConvertAddr
 0001:0000852C       ConvertEraString
 0001:000067C0       ConvertErrorFmt
 0001:00008694       ConvertYearString
 0001:00003BE8       CopyArray
 0001:0001DC50       CopyBitmap
 0001:0001E318       CopyBitmapAsMask
 0001:0001E2B4       CopyPalette
 0002:0000096C       Copyright
 0001:00042890       CopyToBest
 0001:0000AAF0       CountChars
 0002:000028C0       CounterLock
 0002:0000032C       CRangeToType
 0001:0000A30C       CreateAssertException
 0001:0000A494       CreateAVObject
 0001:00004FB0       CreateBitmap
 0001:00004FB8       CreateBrushIndirect
 0001:00004FC0       CreateCompatibleBitmap
 0001:00004FC8       CreateCompatibleDC
 0001:00015B3C       CreateComponent
 0001:00004FD8       CreateDIBitmap
 0001:00004FD0       CreateDIBSection
 0001:00004DB0       CreateEvent
 0001:00004DB8       CreateFile
 0001:00004FE0       CreateFontIndirect
 0001:00004FE8       CreateHalftonePalette
 0001:000051B0       CreateIcon
 0001:0000A238       CreateInOutError
 0001:000051B8       CreateMenu
 0001:00004FF0       CreatePalette
 0001:00004FF8       CreatePenIndirect
 0001:000051C0       CreatePopupMenu
 0001:00005000       CreateSolidBrush
 0001:0001C758       CreateSystemPalette
 0001:00004DC0       CreateThread
 0001:00005738       CreateWindow
 0001:000056E0       CreateWindowEx
 0002:00000A30       CreationControl
 0002:00000720       CreationControl
 0002:00000394       CRelationshipToBoolean
 0002:00000310       CResult
 0002:00000138       cSimpleBoolStrs
 0002:00000340       CText
 0002:00000B2C       Ctl3DStyles
 0002:0000261C       curAlloc
 0002:00002688       CurrencyDecimals
 0002:00002684       CurrencyFormat
 0002:00002680       CurrencyString
 0001:000083C4       CurrentYear
 0001:00007F5C       CurrToStr
 0001:0000D874       CurrToWStrViaOS
 0002:00000D0C       CursorMap
 0002:00000A40       Cursors
 0001:0002D4B8       CursorToIdent
 0002:00000CFC       cUseAlpha
 0002:00000D04       cUseColorKey
 0001:00006B04       CvtInt
 0001:00006B70       CvtInt64
 0002:00000178       CWNear
 0002:00002689       DateSeparator
 0001:00008FAC       DateTimeToStr
 0001:00008F50       DateTimeToString
 0001:0000801C       DateTimeToTimeStamp
 0001:0000D8AC       DateToWStrViaOS
 0001:0000839C       DayOfWeek
 0002:00000174       DCon10
 0002:00000444       DDBsOnly
 0001:0001915C       DeallocateHWnd
 0002:00000028       DebugHook
 0002:00002687       DecimalSeparator
 0001:0000837C       DecodeDate
 0001:00008230       DecodeDateFully
 0001:000080D0       DecodeTime
 0001:0000073C       Decommit
 0001:00000D58       DecommitFree
 0002:000025F8       decommittedRoot
 0001:0004961C       Default
 0001:0004ECEC       Default
 0002:00000020       Default8087CW
 0002:00000A34       DefaultDockTreeClass
 0002:000025BC       DefaultUserCodePage
 0002:00000698       DefBrushData
 0002:00000418       DefFontData
 0001:000051C8       DefFrameProc
 0002:00000204       DefLongDayNames
 0002:000001B8       DefLongMonthNames
 0001:000051D0       DefMDIChildProc
 0002:00000678       DefPenData
 0002:000001E8       DefShortDayNames
 0002:00000188       DefShortMonthNames
 0001:000051D8       DefWindowProc
 0001:00003E34       DelayLoadResourceModule
 0001:000003F8       DeleteBlock
 0001:00000368       DeleteCriticalSection
 0001:00004DC8       DeleteCriticalSection
 0001:00005008       DeleteDC
 0001:00000BA0       DeleteFree
 0001:000051E0       DeleteMenu
 0001:00005010       DeleteObject
 0001:0001D80C       DeselectBitmap
 0001:000051E8       DestroyCursor
 0001:000051F0       DestroyIcon
 0001:000257D0       DestroyLocals
 0001:000051F8       DestroyMenu
 0001:00005200       DestroyWindow
 0001:0002AD48       DialogEnumerationTester
 0001:00023AE8       Dialogs
 0002:000006D4       DIBPalSizes
 0002:0000008C       dig
 0001:00046A5C       DisableTaskWindows
 0001:00005208       DispatchMessage
 0001:0004CC74       DispatchShortCut
 0002:00002000       DispCallByIDProc
 0001:000067A4       DivMod
 0001:000234B0       Dlgs
 0001:000330D0       DoAlign
 0001:0004DF78       DoAlign
 0001:000371C8       DoCalcConstraints
 0002:00002B54       DockSiteList
 0001:000434B0       DoClick
 0001:00034814       DoControlMsg
 0001:00046A0C       DoDisableWindow
 0001:0002E1F8       DoDragOver
 0001:00006804       DoExitProc
 0001:000391D4       DoFindControlZone
 0001:00046B48       DoFindWindow
 0001:00039760       DoFindZone
 0001:00039258       DoForEach
 0001:0003AB64       DoGetNextLimit
 0001:000469D4       DoneApplication
 0001:0003B8C4       DoneControls
 0001:0000A7C0       DoneExceptions
 0001:0004AFF0       DoNestedActivation
 0001:00017D68       DoneThreadSynchronization
 0001:00032C90       DoPosition
 0001:0004DDC8       DoPosition
 0001:0003A18C       DoPrune
 0001:0003A664       DoSaveZone
 0001:0003A868       DoSetNewBounds
 0002:000003B0       DotSep
 0001:0003DE00       DoWrite
 0001:00013010       DoWrite
 0001:0001D3D0       DoWrite
 0001:00033DFC       DoWriteDesignSize
 0001:00031868       DoWriteIsControl
 0002:00002B38       DragCapture
 0002:00002B2C       DragControl
 0001:0002E940       DragDone
 0001:0002E1A8       DragFindTarget
 0001:0002E17C       DragFindWindow
 0002:00002B50       DragImageList
 0001:0002E598       DragInit
 0001:0002E708       DragInitControl
 0002:00002B34       DragInternalObject
 0001:0002E0C4       DragMessage
 0002:00002B30       DragObject
 0002:00002B5C       DragSave
 0002:00002B44       DragSaveCursor
 0002:00002B3C       DragStartPos
 0002:00002B48       DragThreshold
 0001:0002E2C8       DragTo
 0001:0004ED28       DrawAppIcon
 0001:00039CF8       DrawCloseButton
 0001:00005210       DrawEdge
 0001:00005218       DrawFrameControl
 0001:00039D50       DrawGrabberLine
 0001:00005220       DrawIcon
 0001:00005228       DrawIconEx
 0002:00000B68       DrawingStyles
 0001:00005230       DrawMenuBar
 0001:000447F0       DrawMenuItem
 0001:00005238       DrawText
 0002:00002980       DrawThemeBackground
 0002:000029A4       DrawThemeEdge
 0002:000029A8       DrawThemeIcon
 0002:00002A2C       DrawThemeParentBackground
 0002:00002984       DrawThemeText
 0001:0001C228       DupBits
 0001:00003C00       DynArrayClear
 0001:00003C08       DynArraySetLength
 0002:00000C54       EdgeStyle
 0002:00000B1C       EdgeStyles
 0001:0000A20C       EHeapException.FreeInstance
 0002:000027FC       EmptyParam
 0002:000000BC       EmptyStr
 0002:000000C0       EmptyWideStr
 0001:00005240       EnableMenuItem
 0002:00000BEC       Enables
 0001:00005248       EnableScrollBar
 0001:00046B10       EnableTaskWindows
 0002:00002A14       EnableThemeDialogTexture
 0002:00002A30       EnableTheming
 0001:00005250       EnableWindow
 0001:00012264       EndGlobalLoading
 0001:00005258       EndPaint
 0001:00000358       EnterCriticalSection
 0001:00004DD0       EnterCriticalSection
 0001:00004DD8       EnumCalendarInfoA
 0002:00002914       EnumDisplayMonitors
 0001:00009A98       EnumEraNames
 0001:00009AD4       EnumEraYearOffsets
 0001:00049BE0       EnumMonitorsProc
 0001:00005260       EnumThreadWindows
 0001:000152EC       EnumValue
 0001:00005268       EnumWindows
 0001:00005270       EqualRect
 0002:00002750       EraNames
 0001:00009224       EraToYear
 0002:0000276C       EraYearOffsets
 0002:00000064       errCaption
 0001:000117EC       Error
 0001:00014AD0       Error
 0001:00001818       Error
 0001:0003F4F0       Error
 0002:00000004       ErrorAddr
 0001:000017CC       ErrorAt
 0001:0000A2B8       ErrorHandler
 0002:00000220       ErrorMap
 0002:00002008       ErrorProc
 0002:000023E4       ErrOutput
 0001:0000176C       ExceptAddr
 0002:0000200C       ExceptClsProc
 0001:0000A72C       ExceptHandler
 0001:0000A080       Exception.Create
 0001:0000A0BC       Exception.CreateFmt
 0001:0000A13C       Exception.CreateRes
 0001:0000A178       Exception.CreateResFmt
 0002:0000201C       ExceptionClass
 0001:00009E30       ExceptionErrorMessage
 0002:00000258       ExceptMap
 0001:0000174C       ExceptObject
 0002:00002010       ExceptObjProc
 0002:00002004       ExceptProc
 0001:00005018       ExcludeClipRect
 0002:00000000       ExitCode
 0001:00002C64       ExitDll
 0002:00002044       ExitProc
 0001:00000224       ExitProcess
 0002:00002024       ExitProcessProc
 0002:00000134       ExitProcList
 0001:00007088       ExpandFileName
 0001:00025A8C       ExtActns
 0001:0002569C       ExtCtrls
 0001:000258F8       ExtDlgs
 0001:00007050       ExtractFileName
 0002:0000278C       FalseBoolStrs
 0002:00002A84       FClipboard
 0002:00000168       FCon1E18
 0001:00006FC8       FileClose
 0001:00006F30       FileCreate
 0001:00006F0C       FileCreate
 0002:000006CC       FileFormats
 0002:00000008       FileMode
 0001:00006EB4       FileOpen
 0001:00006F38       FileRead
 0002:000003DC       FilerSignature
 0001:00006F90       FileSeek
 0001:00006F64       FileWrite
 0001:00000C88       FillAfterGap
 0001:00000C34       FillBeforeGap
 0001:00000D20       FillerSizeAfterGap
 0001:00000CB0       FillerSizeBeforeGap
 0001:00005278       FillRect
 0001:00022720       Finalization
 0001:000228CC       Finalization
 0001:0003E550       Finalization
 0001:00005BD0       Finalization
 0001:000058C0       Finalization
 0001:00019184       Finalization
 0001:00005888       Finalization
 0001:0002A1D4       Finalization
 0001:0002A33C       Finalization
 0001:00019520       Finalization
 0001:0002AFC0       Finalization
 0001:0000BD80       Finalization
 0001:00004C84       Finalization
 0001:000266F4       Finalization
 0001:00044ACC       Finalization
 0001:00020AE0       Finalization
 0001:00025BCC       Finalization
 0001:00004C0C       Finalization
 0001:0003BB18       Finalization
 0001:0003CE48       Finalization
 0001:00025A94       Finalization
 0001:00025A3C       Finalization
 0001:000223FC       Finalization
 0001:000259E4       Finalization
 0001:000223C4       Finalization
 0001:00020BD4       Finalization
 0001:0002237C       Finalization
 0001:0000C73C       Finalization
 0001:00023250       Finalization
 0001:000232C0       Finalization
 0001:00050F2C       Finalization
 0001:000232F8       Finalization
 0001:00025980       Finalization
 0001:00020828       Finalization
 0001:00023330       Finalization
 0001:00023368       Finalization
 0001:00025654       Finalization
 0001:000233A0       Finalization
 0001:000256CC       Finalization
 0001:000233D8       Finalization
 0001:00023410       Finalization
 0001:00023448       Finalization
 0001:0005180C       Finalization
 0001:00051844       Finalization
 0001:00023480       Finalization
 0001:000049DC       Finalization
 0001:00023A8C       Finalization
 0001:0000FAC8       Finalization
 0001:0000FA70       Finalization
 0001:00025798       Finalization
 0001:0000F09C       Finalization
 0001:00021354       Finalization
 0001:00021394       Finalization
 0001:00020648       Finalization
 0001:0000F2A8       Finalization
 0001:00025868       Finalization
 0001:000258C8       Finalization
 0001:00025918       Finalization
 0001:00025704       Finalization
 0001:00003BF8       FinalizeArray
 0001:00002A98       FinalizeUnits
 0001:00043270       Find
 0001:00003EA4       FindBS
 0001:00011D08       FindClass
 0001:00003E2C       FindClassHInstance
 0001:00000234       FindClose
 0001:00000C04       FindCommitted
 0001:0002D298       FindControl
 0001:0003998C       FindControlAtPos
 0001:0000EEF4       FindCustomVariantType
 0001:0000EFAC       FindCustomVariantType
 0001:0002EC64       FindDragTarget
 0001:00015CEC       FindExistingComponent
 0001:0000023C       FindFirstFile
 0001:00046C54       FindGlobalComponent
 0001:000120F4       FindGlobalComponent
 0002:00002860       FindGlobalComponentProcs
 0001:00003E04       FindHInstance
 0001:00011F9C       FindIdentToInt
 0002:00002A70       FindMsg
 0001:00014E7C       FindNestedComponent
 0001:0003F4B8       FindPopupControl
 0001:0000C404       FindProc
 0001:00004DE0       FindResource
 0001:00003E7C       FindResourceHInstance
 0001:00050780       FindScanline
 0001:00046BAC       FindTopMostWindow
 0001:00016BD0       FindUniqueName
 0001:0002EC30       FindVCLWindow
 0001:00005280       FindWindow
 0001:0002ADA0       FindWinHelp
 0001:0001DC04       FixupBitFields
 0002:00000C64       Flags
 0002:0000279C       FLanguages
 0001:00022750       FlatSB
 0002:00002940       FlatSB_EnableScrollBar
 0002:0000294C       FlatSB_GetScrollInfo
 0002:00002950       FlatSB_GetScrollPos
 0002:00002948       FlatSB_GetScrollRange
 0002:00002958       FlatSB_SetScrollInfo
 0002:00002954       FlatSB_SetScrollPos
 0001:00022440       FlatSB_SetScrollProp
 0002:0000295C       FlatSB_SetScrollRange
 0002:00002944       FlatSB_ShowScrollBar
 0001:00007BEC       FloatToDecimal
 0001:00007F2C       FloatToStr
 0001:00007918       FloatToText
 0001:00001980       Flush
 0002:0000017C       FMSecsPerDay
 0001:00007814       FmtStr
 0002:00000C80       FocusCount
 0002:00000C7C       FocusMessages
 0002:000005E8       FontCharsets
 0002:000028D8       FontManager
 0001:00046C28       ForegroundTask
 0002:00000184       Format
 0001:00007800       Format
 0001:00007408       FormatBuf
 0001:000073FC       FormatClearStr
 0001:00007380       FormatError
 0002:00000160       FormatErrorStrs
 0001:00004DE8       FormatMessage
 0001:000073D8       FormatVarToStr
 0001:00050F88       Forms
 0001:00001C2C       FPower10
 0002:0000071C       FPrinter
 0001:00005288       FrameRect
 0001:0000B960       FreeAndNil
 0001:00000970       FreeCommitted
 0001:00000E90       FreeCurAlloc
 0001:0002ED24       FreeDeviceContext
 0001:0002EDE0       FreeDeviceContexts
 0001:00018F50       FreeIntConstList
 0001:00004DF0       FreeLibrary
 0001:00000244       FreeLibrary
 0001:0001D760       FreeMemoryContexts
 0001:00019084       FreeObjectInstance
 0001:00004E00       FreeResource
 0001:000005F0       FreeSpace
 0001:0000B4CC       FreeTerminateProcs
 0001:00022904       FreeThemeLibrary
 0002:00002AE4       FRichEditModule
 0002:00002BD0       frmMenu
 0001:0001C218       GDICheck
 0001:0001C170       GDIError
 0001:00001908       Get8087CW
 0001:00004E08       GetACP
 0001:00005290       GetActiveWindow
 0001:0004E454       GetAnimation
 0001:00005020       GetBitmapBits
 0001:00000370       GetBlockDesc
 0001:00005028       GetBrushOrgEx
 0001:00005298       GetCapture
 0001:0002D560       GetCaptureControl
 0001:00011CB4       GetClass
 0001:000052A0       GetClassInfo
 0001:000052A8       GetClassName
 0001:000052B0       GetClientRect
 0001:00005030       GetClipBox
 0001:0000030C       GetCmdShow
 0001:0003D018       GetColor
 0001:00025B6C       GetComCtlVersion
 0001:0000024C       GetCommandLine
 0001:000007BC       GetCommitted
 0001:0000084C       GetCommittedAt
 0001:000343C8       GetControlAtPos
 0001:00008488       GetCount
 0001:00004E10       GetCPInfo
 0001:00005038       GetCurrentPositionEx
 0001:00004E18       GetCurrentProcessId
 0002:00002A24       GetCurrentThemeName
 0001:000002FC       GetCurrentThreadId
 0001:00004E20       GetCurrentThreadId
 0001:0000564C       GetCurrentTime
 0001:000052B8       GetCursor
 0001:00050790       GetCursorHeightMargin
 0001:000052C0       GetCursorPos
 0001:000084B4       GetDate
 0001:00004E28       GetDateFormat
 0001:0000913C       GetDateOrder
 0001:000052C8       GetDC
 0001:000052D0       GetDCEx
 0001:00005040       GetDCOrgEx
 0001:00020258       GetDefFontCharSet
 0001:000052D8       GetDesktopWindow
 0001:00005058       GetDeviceCaps
 0001:0001D160       GetDIB
 0001:00005048       GetDIBColorTable
 0001:00005050       GetDIBits
 0001:0001D0A8       GetDIBSizes
 0001:0001C388       GetDInColors
 0001:00004E30       GetDiskFreeSpaceA
 0002:00000130       GetDiskFreeSpaceEx
 0001:0003AC44       GetDockAlign
 0001:0002DF08       GetDockSiteAtPos
 0001:0002E234       GetDropCtl
 0001:000022A4       GetDynaMethod
 0001:0000F318       GetEnumNameValue
 0001:0000F364       GetEnumValue
 0001:00009B4C       GetEraNamesAndYearOffsets
 0001:000091D0       GetEraYearOffset
 0001:0000A47C       GetExceptionClass
 0001:0000A660       GetExceptionObject
 0001:00011C3C       GetFieldClassTable
 0001:0000A8D0       GetFileVersion
 0001:00004F90       GetFileVersionInfo
 0001:00004F98       GetFileVersionInfoSize
 0001:000052E0       GetFocus
 0001:0001AD10       GetFontData
 0001:000052E8       GetForegroundWindow
 0001:0000B084       GetFormatSettings
 0001:00004E38       GetFullPathName
 0001:0001A27C       GetHashCode
 0001:0004B9CC       GetHelpInfo
 0001:00021814       GetHelpSystem
 0001:0004E238       GetHint
 0001:0004E270       GetHintControl
 0001:0004496C       GetHotkey
 0001:000052F0       GetIconInfo
 0001:00005308       GetKeyboardLayout
 0001:00005310       GetKeyboardLayoutList
 0001:00005318       GetKeyboardState
 0001:00001F18       GetKeyboardType
 0001:000052F8       GetKeyNameText
 0001:00005300       GetKeyState
 0001:00005320       GetLastActivePopup
 0001:00038F0C       GetLastChildZone
 0001:00004E40       GetLastError
 0001:00009910       GetLocaleChar
 0001:00000254       GetLocaleInfo
 0001:00004E50       GetLocaleInfo
 0001:000098C4       GetLocaleStr
 0001:00004E48       GetLocalTime
 0001:0002D51C       GetLongHint
 0001:00005328       GetMenu
 0001:0004B954       GetMenuHelpContext
 0001:00005330       GetMenuItemCount
 0001:00005338       GetMenuItemID
 0001:00005340       GetMenuItemInfo
 0001:00041ABC       GetMenuSize
 0001:00005348       GetMenuState
 0001:00005350       GetMenuString
 0001:00004E58       GetModuleFileName
 0001:0000025C       GetModuleFileName
 0001:00004B04       GetModuleHandle
 0001:00000264       GetModuleHandle
 0001:00004E60       GetModuleHandle
 0002:00002908       GetMonitorInfo
 0002:0000290C       GetMonitorInfoA
 0002:00002910       GetMonitorInfoW
 0001:00009974       GetMonthDayNames
 0001:00005358       GetNextWindow
 0001:00005060       GetObject
 0001:0000F438       GetOrdProp
 0001:00005068       GetPaletteEntries
 0001:00005360       GetParent
 0001:00046E20       GetParentForm
 0001:00005070       GetPixel
 0001:00004E68       GetProcAddress
 0001:0000026C       GetProcAddress
 0001:00005368       GetProp
 0001:0000F3C8       GetPropInfo
 0001:000472E0       GetRealScrollPosition
 0001:0003CFF8       GetRGBColor
 0001:00005370       GetScrollInfo
 0001:00005378       GetScrollPos
 0001:00005380       GetScrollRange
 0001:0002D4D8       GetShortHint
 0001:00000514       GetSpace
 0001:00000578       GetSpaceAt
 0001:0003F548       GetSpecialName
 0001:00000274       GetStartupInfo
 0001:000001F4       GetStdHandle
 0001:00004E70       GetStdHandle
 0001:00005078       GetStockObject
 0001:00004E78       GetStringTypeEx
 0001:00005388       GetSubMenu
 0001:00005390       GetSysColor
 0001:00005398       GetSysColorBrush
 0001:00004E80       GetSystemInfo
 0001:000053A0       GetSystemMenu
 0001:000053A8       GetSystemMetrics
 0002:000028F8       GetSystemMetrics
 0001:00005080       GetSystemPaletteEntries
 0001:00005088       GetTextExtentPoint32
 0001:00005090       GetTextMetrics
 0002:00002A1C       GetThemeAppProperties
 0002:00002988       GetThemeBackgroundContentRect
 0002:0000298C       GetThemeBackgroundExtent
 0002:0000299C       GetThemeBackgroundRegion
 0002:000029C0       GetThemeBool
 0002:000029B4       GetThemeColor
 0002:00002A28       GetThemeDocumentationProperty
 0002:000029C8       GetThemeEnumValue
 0002:000029E8       GetThemeFilename
 0002:000029D0       GetThemeFont
 0002:000029C4       GetThemeInt
 0002:000029DC       GetThemeIntList
 0002:000029D8       GetThemeMargins
 0002:000029B8       GetThemeMetric
 0002:00002990       GetThemePartSize
 0002:000029CC       GetThemePosition
 0002:000029E0       GetThemePropertyOrigin
 0002:000029D4       GetThemeRect
 0002:000029BC       GetThemeString
 0002:000029F4       GetThemeSysBool
 0002:000029EC       GetThemeSysColor
 0002:000029F0       GetThemeSysColorBrush
 0002:000029FC       GetThemeSysFont
 0002:00002A04       GetThemeSysInt
 0002:000029F8       GetThemeSysSize
 0002:00002A00       GetThemeSysString
 0002:00002994       GetThemeTextExtent
 0002:00002998       GetThemeTextMetrics
 0001:00004E88       GetThreadLocale
 0001:0000027C       GetThreadLocale
 0001:00004E90       GetTickCount
 0001:000084EC       GetTime
 0001:00004B30       GetTlsSize
 0001:0004EA04       GetTopMostWindows
 0001:0002D668       GetTopParent
 0001:000053B0       GetTopWindow
 0001:0000F30C       GetTypeData
 0001:00000304       GetVersion
 0001:00004E98       GetVersion
 0001:00004EA0       GetVersionEx
 0001:000053B8       GetWindow
 0001:000053C0       GetWindowDC
 0001:000053C8       GetWindowLong
 0001:00005098       GetWindowOrgEx
 0001:000053D0       GetWindowPlacement
 0001:000053D8       GetWindowRect
 0001:000053E0       GetWindowText
 0002:00002A10       GetWindowTheme
 0001:000053F0       GetWindowThreadProcessId
 0001:000053E8       GetWindowThreadProcessId
 0001:00004EA8       GlobalAddAtom
 0001:00004EB0       GlobalAlloc
 0001:00005658       GlobalAllocPtr
 0001:00004EB8       GlobalDeleteAtom
 0001:00004EC0       GlobalFindAtom
 0002:00002864       GlobalFixupList
 0001:00014FC4       GlobalFixupReferences
 0001:00004EC8       GlobalFree
 0001:00005684       GlobalFreePtr
 0001:00004ED8       GlobalHandle
 0001:00004ED0       GlobalLock
 0002:00002848       GlobalNameSpace
 0001:00004EE0       GlobalReAlloc
 0001:00005668       GlobalReAllocPtr
 0001:00004EE8       GlobalUnlock
 0001:0002071C       Graphics
 0001:00011E30       GroupDescendentsWith
 0001:0004BBD4       HandleEdge
 0001:00016428       HandleException
 0002:00000024       HeapAllocFlags
 0002:000025C4       heapErrorCode
 0002:000025C8       heapLock
 0001:000223BC       HelpIntfs
 0002:00002934       HelpManager
 0002:00002A6C       HelpMsg
 0002:00002B08       HelpViewer
 0002:00002B0C       HelpViewerIntf
 0002:0000012C       HexDisplayPrefix
 0002:00000A04       HideSelections
 0001:0003ACC0       HideZone
 0002:00002664       HInstance
 0002:00002BC4       HintDoneEvent
 0001:0004E340       HintGetMsgHook
 0002:00002BC8       HintHook
 0001:0004E2E4       HintMouseThread
 0002:00002BCC       HintThread
 0002:00002BC0       HintThreadID
 0001:0004E290       HintTimerProc
 0002:00000C74       HintWindowClass
 0002:000029A0       HitTestThemeBackground
 0001:0004E384       HookHintHooks
 0001:00005790       HwndMSWheel
 0002:00000C08       IBreaks
 0002:00000C14       IChecks
 0002:00000C1C       IDefaults
 0001:0001AD00       IdentToCharset
 0001:0001AAF8       IdentToColor
 0001:0002D4C8       IdentToCursor
 0001:00012018       IdentToInt
 0002:00000C24       IEnables
 0001:00042860       IfHotkeyAvailable
 0002:00002B9C       ImageListWriteExProc
 0001:00020B30       ImageList_Add
 0001:00020B50       ImageList_AddIcon
 0001:00020B74       ImageList_BeginDrag
 0001:00020B18       ImageList_Create
 0001:00020B20       ImageList_Destroy
 0001:00020B84       ImageList_DragEnter
 0001:00020B8C       ImageList_DragLeave
 0001:00020B94       ImageList_DragMove
 0001:00020BA4       ImageList_DragShowNolock
 0001:00020B5C       ImageList_Draw
 0001:00020B64       ImageList_DrawEx
 0001:00020B7C       ImageList_EndDrag
 0001:00020B48       ImageList_GetBkColor
 0001:00020BAC       ImageList_GetDragImage
 0001:00020BC4       ImageList_GetIconSize
 0001:00020B28       ImageList_GetImageCount
 0001:00020BB4       ImageList_Read
 0001:00020B6C       ImageList_Remove
 0001:00020B38       ImageList_ReplaceIcon
 0001:00020B40       ImageList_SetBkColor
 0001:00020B9C       ImageList_SetDragCursorImage
 0001:00020BCC       ImageList_SetIconSize
 0001:00020BBC       ImageList_Write
 0002:00000B78       Images
 0001:0003E580       ImgList
 0001:000213C4       Imm
 0002:00000B5C       IMM32DLL
 0001:0003B8B0       Imm32IsIME
 0002:00000180       IMSecsPerDay
 0001:0000D524       InBounds
 0001:0000D284       InBounds
 0001:0000D554       Increment
 0001:0000D2B4       Increment
 0001:000053F8       InflateRect
 0001:00025960       IniFiles
 0001:000009FC       InitAllocator
 0001:00020C0C       InitAnApi
 0002:00002920       InitApis
 0001:000122C0       InitComponent
 0002:00002634       InitContext
 0001:0003B94C       InitControls
 0001:0002029C       InitDefFontData
 0001:0000B4EC       InitDriveSpacePtr
 0001:0000A73C       InitExceptions
 0001:0002249C       InitFlatSB
 0001:00023938       InitGlobals
 0001:0001CF60       InitializeBitmapInfoHeader
 0001:00000350       InitializeCriticalSection
 0001:00004EF0       InitializeCriticalSection
 0002:000025C0       initialized
 0001:00022474       InitializeFlatSB
 0001:00004BBC       InitializeModule
 0001:0000C430       InitializeVarUtils
 0001:0003B550       InitIMM32
 0001:00012368       InitInheritedComponent
 0001:0000AE98       InitLeadBytes
 0001:000212E8       InitMultiMonStubs
 0001:0000A840       InitPlatformId
 0002:00002040       InitProc
 0001:00050EA0       InitProcs
 0001:00020220       InitScreenLogPixels
 0001:0000AF10       InitSysLocale
 0001:00022AC4       InitThemeLibrary
 0001:00017D34       InitThreadSynchronization
 0001:00004B38       InitThreadTLS
 0001:00002AF8       InitUnits
 0001:0002D1AC       InitWndProc
 0002:00000AFC       InnerStyles
 0002:0000204C       Input
 0001:0004DD68       InsertBefore
 0001:00032C04       InsertBefore
 0001:00000E08       InsertFree
 0001:00042914       InsertHotkeyFarEastFormat
 0001:00005400       InsertMenu
 0001:00005408       InsertMenuItem
 0002:00002880       InstBlockList
 0002:00002884       InstFreeList
 0002:00002858       IntConstList
 0001:000002F4       InterlockedDecrement
 0001:0000B554       InterlockedDecrement
 0001:0000B560       InterlockedExchange
 0001:00004DF8       InterlockedExchange
 0001:0000B568       InterlockedExchangeAdd
 0001:0000B548       InterlockedIncrement
 0001:000002EC       InterlockedIncrement
 0001:0001A208       InternalDeletePalette
 0001:00001938       InternalFlush
 0001:00000C64       InternalFreeMem
 0001:0001D0B0       InternalGetDIB
 0001:0001D044       InternalGetDIBSizes
 0001:00012158       InternalReadComponentRes
 0002:00002AF0       InternalServices
 0001:000032DC       InternalUniqueString
 0001:000050A0       IntersectClipRect
 0001:00005410       IntersectRect
 0001:00006C64       IntToHex
 0001:00012058       IntToIdent
 0001:00006C3C       IntToStr
 0001:00006B50       IntToStr
 0001:00005418       InvalidateRect
 0001:0001C104       InvalidBitmap
 0001:0001C0EC       InvalidGraphic
 0001:0001C110       InvalidIcon
 0001:0001C0D4       InvalidOperation
 0001:000111C4       InvalidPoint
 0002:00002798       InvalidPointer
 0001:0000215C       InvokeImplGetter
 0001:00001898       IOResult
 0002:00000C44       IOwnerDraw
 0002:00000C2C       IRadios
 0002:00000C3C       IRTL
 0001:00046DB0       IsAccel
 0001:00043AC4       IsAccelChar
 0002:00002A0C       IsAppThemed
 0001:0002DCC0       IsBeforeTargetWindow
 0001:00005420       IsChild
 0002:00002048       IsConsole
 0001:0002E11C       IsDelphiHandle
 0001:00005428       IsDialogMessage
 0002:00000C34       ISeparators
 0001:00005430       IsIconic
 0001:00043B20       IsInitialChar
 0001:0000812C       IsLeapYear
 0002:00002034       IsLibrary
 0002:00002049       IsMultiThread
 0001:00038970       IsOrientationSet
 0001:00005438       IsRectEmpty
 0001:0002DEC4       IsSiteChildOfClient
 0002:00002A08       IsThemeActive
 0002:000029B0       IsThemeBackgroundPartiallyTransparent
 0002:00002A18       IsThemeDialogTextureEnabled
 0002:000029AC       IsThemePartDefined
 0001:00012134       IsUniqueGlobalComponentName
 0002:0000284C       IsUniqueGlobalComponentNameProc
 0001:00006AA0       IsValidIdent
 0001:0000AEF8       IsWesternGroup
 0001:00005440       IsWindow
 0001:00005448       IsWindowEnabled
 0001:00005450       IsWindowVisible
 0001:00005458       IsZoomed
 0001:000514E0       itemMenu_VE
 0001:0003F914       Iterate
 0001:0003F974       IterateMenus
 0002:0000002C       JITEnable
 0001:00046D64       KeyboardStateToShiftState
 0001:00046D28       KeyDataToShiftState
 0001:00046CD4       KeysToShiftState
 0001:00005460       KillTimer
 0001:00007000       LastDelimiter
 0001:0000AE24       LCIDToCodePage
 0001:00004968       LCIDToCodePage
 0002:0000010C       LeadBytes
 0001:00004EF8       LeaveCriticalSection
 0001:00000360       LeaveCriticalSection
 0002:00000034       LibModuleList
 0001:000050A8       LineTo
 0001:00025AC4       ListActns
 0001:0002ECAC       ListAdd
 0001:0002ECD4       ListRemove
 0002:0000274E       ListSeparator
 0001:00005468       LoadBitmap
 0001:00005470       LoadCursor
 0001:00005478       LoadIcon
 0001:00005480       LoadKeyboardLayout
 0001:00004F00       LoadLibrary
 0001:00000284       LoadLibraryEx
 0001:00004F08       LoadResource
 0001:00004070       LoadResourceModule
 0001:00004910       LoadResString
 0001:00005488       LoadString
 0001:0000028C       LoadString
 0001:00004B0C       LocalAlloc
 0001:00000330       LocalAlloc
 0001:00000338       LocalFree
 0001:00009938       LocalGetLocaleStr
 0002:00002A40       Lock
 0001:00004F10       LockResource
 0002:00002690       LongDateFormat
 0002:00002724       LongDayNames
 0002:000026D8       LongMonthNames
 0002:000026A4       LongTimeFormat
 0001:000068A4       LowerCase
 0001:00004F88       lstrcpy
 0001:00000294       lstrcpyn
 0002:00002820       LVarTypes
 0002:00002824       LVarTypeSync
 0002:0000202C       MainInstance
 0002:00002030       MainThreadID
 0001:000003C0       MakeEmpty
 0001:00002C08       MakeErrorMessage
 0002:00000B48       MakeLast
 0001:00005640       MakeLong
 0001:00018FEC       MakeObjectInstance
 0001:00005698       MakeROP4
 0001:000056D0       MakeWParam
 0001:0000A3FC       MapException
 0001:00025A34       Mapi
 0002:00000948       MAPIDLL
 0002:0000094C       MAPIModule
 0001:00002910       MapToRunError
 0001:00005490       MapVirtualKey
 0001:00005498       MapWindowPoints
 0002:00000B80       Mask
 0001:000050B0       MaskBlt
 0001:00020858       Math
 0001:00020820       Max
 0001:00049668       MaximizedChildren
 0002:0000003C       MemoryManager
 0002:00000B9C       MenuKeyCaps
 0001:00044B3C       Menus
 0001:00000410       MergeBlockAfter
 0001:00000EDC       MergeCommit
 0001:0000022C       MessageBox
 0001:000054A0       MessageBox
 0001:000058F0       Messages
 0001:00020818       Min
 0001:000129CC       Min
 0001:0003254C       MinVar
 0002:00002928       MMAvailable
 0002:00000B60       ModeMap
 0001:0004B360       ModifySystemMenu
 0002:000000A4       Module
 0002:00002661       ModuleIsCpp
 0002:00002660       ModuleIsLib
 0001:00018FBC       ModuleUnload
 0002:00000038       ModuleUnloadList
 0002:00002904       MonitorFromPoint
 0002:00002900       MonitorFromRect
 0002:000028FC       MonitorFromWindow
 0002:000000DC       MonthDays
 0002:00002B10       Mouse
 0001:000018B8       Move
 0001:000050B8       MoveToEx
 0001:0002ECF4       MoveWindowOrg
 0001:00004F18       MulDiv
 0001:000002A4       MultiByteToWideChar
 0001:00050944       MultiLineWidth
 0001:00021384       MultiMon
 0002:00002685       NegCurrFormat
 0001:00000F68       NewCommit
 0001:00000F94       NewCommitAt
 0002:00002B14       NewStyleControls
 0001:0000ACA8       NextCharIndex
 0001:00038954       NextVisibleZone
 0002:000003E0       NilMethod
 0002:00000030       NoErrMsg
 0001:00040728       NormalDraw
 0001:000024C8       NotifyAnyExcept
 0001:0000249C       NotifyExcept
 0001:000024FC       NotifyExceptFinally
 0001:00012234       NotifyGlobalLoading
 0001:00004370       NotifyModuleUnload
 0001:00002478       NotifyNonDelphiException
 0001:000024B4       NotifyOnExcept
 0001:0000245C       NotifyReRaise
 0001:00002524       NotifyTerminate
 0001:00002540       NotifyUnhandled
 0001:000434A0       NthParentOf
 0001:0000F094       Null
 0002:0000031C       NullAsStringValue
 0002:00000318       NullStrictConvert
 0001:0002D264       ObjectFromHWnd
 0002:00000A0C       OEMConverts
 0001:000054A8       OemToAnsi
 0001:000054B0       OffsetRect
 0002:00002978       OpenThemeData
 0002:00000B40       OrientArray
 0002:00000B0C       OuterStyles
 0002:00002794       OutOfMemory
 0001:0001C11C       OutOfResources
 0002:00002218       Output
 0002:00000320       PackVarCreation
 0002:000006DC       Pal16
 0001:0001A5EC       PaletteChanged
 0001:0001C908       PaletteFromDIBColorTable
 0001:0001C9AC       PaletteToDIBColorTable
 0002:000006D8       PalSize
 0001:00038D38       ParentNotLast
 0002:000009E8       Passwords
 0001:000050C0       PatBlt
 0002:000028E8       PatternManager
 0001:000054B8       PeekMessage
 0002:000028DC       PenManager
 0002:000006A8       PenModes
 0002:00000688       PenStyles
 0001:0001114C       Point
 0001:00004C60       Point
 0001:00011584       PointerInModule
 0001:00033DE8       PointsEqual
 0001:000056B8       PointToSmallPoint
 0002:00002BA0       PopupList
 0001:000054C0       PostMessage
 0001:000054C8       PostQuitMessage
 0001:00022438       Printers
 0001:0004CA74       ProcessExecute
 0001:00046FE0       ProcessHorz
 0001:0004CB74       ProcessUpdate
 0001:0004704C       ProcessVert
 0001:000152C0       PropertyNotFound
 0001:00016528       PropPathError
 0002:00000CA4       Props
 0001:000152B4       PropValueError
 0001:000054D0       PtInRect
 0002:000000A0       PtrToNil
 0001:000078D4       PutExponent
 0002:00002B58       QualifyingSites
 0001:0000A3B8       RaiseAssertException
 0001:000001FC       RaiseException
 0001:000142D4       RaiseException
 0002:00002014       RaiseExceptionProc
 0001:0000B404       RaiseLastOSError
 0001:00039AA8       ReadControlName
 0001:00017768       ReadCustomVariant
 0001:0001529C       ReadError
 0001:00004F20       ReadFile
 0001:0001CC58       ReadIcon
 0002:000009F0       ReadOnlys
 0001:000050C8       RealizePalette
 0001:00015ADC       Recover
 0001:00011174       Rect
 0001:00004C44       Rect
 0001:000050D0       RectVisible
 0001:000054D8       RedrawWindow
 0002:00002818       RefAnyProc
 0002:00002A3C       ReferenceCount
 0001:000002AC       RegCloseKey
 0001:00004D88       RegCloseKey
 0002:0000285C       RegGroups
 0001:000054E0       RegisterClass
 0001:00011D28       RegisterClass
 0001:000054E8       RegisterClipboardFormat
 0001:0002E064       RegisterDockSite
 0001:0001209C       RegisterFindGlobalComponentProc
 0001:00011F70       RegisterIntegerConsts
 0001:000043CC       RegisterModule
 0001:00021790       RegisterViewer
 0001:000054F0       RegisterWindowMessage
 0001:000259C8       Registry
 0001:00004D90       RegOpenKeyEx
 0001:000002B4       RegOpenKeyEx
 0001:000002BC       RegQueryValueEx
 0001:00004D98       RegQueryValueEx
 0001:00023398       RegStr
 0001:000054F8       ReleaseCapture
 0001:00005500       ReleaseDC
 0002:00000048       reMap
 0002:00002618       remBytes
 0001:00000480       RemoveBlock
 0002:000003BC       RemoveDataModule
 0001:0001516C       RemoveFixupReferences
 0001:00015218       RemoveFixups
 0001:00015510       RemoveGlobalFixup
 0001:00005508       RemoveMenu
 0001:000042E8       RemoveModuleUnloadProc
 0001:00004310       RemoveModuleUnloadProc
 0001:00005510       RemoveProp
 0001:00004F28       ResetEvent
 0001:00017D80       ResetSyncEvent
 0001:0000141C       ResizeInPlace
 0001:000050D8       RestoreDC
 0001:00046980       RestoreFocusState
 0001:000124F8       ReturnAddr
 0001:00013170       ReturnAddr
 0001:0003F4E8       ReturnAddr
 0001:0001C688       RGBQuadToTriple
 0001:0001C650       RGBTripleToQuad
 0001:000232F0       RichEdit
 0002:00002B28       RM_GetObjectInstance
 0002:00002BBC       RM_TaskbarCreated
 0002:00002614       rover
 0002:00000950       RTFConversionFormat
 0001:0000F2D8       RTLConsts
 0001:00000204       RtlUnwind
 0002:00002018       RTLUnwindProc
 0002:0000006C       runErrMsg
 0001:000017C0       RunErrorAt
 0001:0000C3E4       SafeArrayCreate
 0001:0000C3EC       SafeArrayGetLBound
 0001:0000C3F4       SafeArrayGetUBound
 0001:0000C3FC       SafeArrayPtrOfIndex
 0001:0000BA2C       SafeLoadLibrary
 0001:00006984       SameText
 0001:000050E0       SaveDC
 0001:00046978       SaveFocusState
 0001:00008FC0       ScanBlanks
 0001:00009104       ScanChar
 0001:00009280       ScanDate
 0001:00008FE4       ScanNumber
 0001:00009078       ScanString
 0001:000095C4       ScanTime
 0001:00009188       ScanToNumber
 0002:00002BB4       Screen
 0002:00002894       ScreenLogPixels
 0001:00005518       ScreenToClient
 0001:00047198       ScrollBarVisible
 0001:00005520       ScrollWindow
 0001:00000FC8       SearchSmallBlocks
 0001:000050E8       SelectClipRgn
 0001:000050F0       SelectObject
 0001:000050F8       SelectPalette
 0001:0002D2F4       SendAppMessage
 0001:00046BE8       SendFocusMessage
 0001:00005528       SendMessage
 0002:00000C00       Separators
 0001:000018F8       Set8087CW
 0001:00005530       SetActiveWindow
 0001:0004E484       SetAnimation
 0001:00005100       SetBkColor
 0001:00005108       SetBkMode
 0001:00005110       SetBrushOrgEx
 0001:00005538       SetCapture
 0001:0002D588       SetCaptureControl
 0001:00005540       SetClassLong
 0001:0000EC20       SetClearVarToEmptyParam
 0001:00015C4C       SetCompName
 0001:00005548       SetCursor
 0001:00005118       SetDIBColorTable
 0001:00004F30       SetEndOfFile
 0001:00004F38       SetErrorMode
 0001:00004F40       SetEvent
 0001:00002A50       SetExceptionHandler
 0001:00004F48       SetFilePointer
 0001:0000F73C       SetFloatProp
 0001:00005550       SetFocus
 0001:00005558       SetForegroundWindow
 0001:0003B7D4       SetImeMode
 0001:00001844       SetInOutRes
 0001:0000F9C0       SetInt64Prop
 0001:0000F9FC       SetInterfaceProp
 0001:00016808       SetInterfaceReference
 0001:00016724       SetIntIdent
 0002:00000C78       SetLayeredWindowAttributes
 0001:0000F5A4       SetLongStrProp
 0001:00005560       SetMenu
 0001:00005568       SetMenuItemInfo
 0001:0000F988       SetMethodProp
 0001:0001676C       SetObjectIdent
 0001:0000F4AC       SetOrdProp
 0001:00005570       SetParent
 0001:00005120       SetPixel
 0001:00005578       SetProp
 0001:00005580       SetRect
 0001:00005128       SetROP2
 0001:00005588       SetScrollInfo
 0001:00005590       SetScrollPos
 0001:00005598       SetScrollRange
 0001:0000F508       SetShortStrProp
 0001:0000F55C       SetShortStrPropAsLongStr
 0001:00005130       SetStretchBltMode
 0001:0000F63C       SetStrProp
 0001:00015A54       SetSubComponentState
 0001:00005138       SetTextColor
 0002:00002A20       SetThemeAppProperties
 0001:00004F50       SetThreadLocale
 0001:000055A0       SetTimer
 0001:0000EC08       SetVarAsError
 0001:0000F948       SetVariantProp
 0001:000167AC       SetVariantReference
 0001:00005140       SetViewportOrgEx
 0001:00050454       SetVisible
 0001:0000F668       SetWideStrProp
 0001:0000F5E4       SetWideStrPropAsLongStr
 0001:000055A8       SetWindowLong
 0001:00005148       SetWindowOrgEx
 0001:000055B0       SetWindowPlacement
 0001:000055B8       SetWindowPos
 0001:000055C8       SetWindowsHookEx
 0001:000055C0       SetWindowText
 0002:000029E4       SetWindowTheme
 0002:0000014C       ShareMode
 0001:00023360       ShellAPI
 0002:00002AE0       ShellModule
 0001:00023440       ShlObj
 0001:0003F510       ShortCut
 0002:00002BA4       ShortCutItems
 0001:0003F59C       ShortCutToText
 0002:0000268C       ShortDateFormat
 0002:00002708       ShortDayNames
 0002:000026A8       ShortMonthNames
 0002:000026A0       ShortTimeFormat
 0002:00000CD8       ShowCommands
 0002:00000CF0       ShowCommands
 0002:00000CE4       ShowCommands
 0001:000055D0       ShowCursor
 0001:00009FB8       ShowException
 0002:00000AF4       ShowFlags
 0002:00000D8C       ShowFlags
 0001:00046988       ShowMDIClientEdge
 0001:000055D8       ShowOwnedPopups
 0001:000055E0       ShowScrollBar
 0001:000055E8       ShowWindow
 0001:0004E4AC       ShowWinNoAnimate
 0001:0003AD40       ShowZone
 0002:00000B54       SizeCursors
 0001:00004F58       SizeofResource
 0001:0001729C       SkipBinary
 0001:000172CC       SkipCollection
 0001:00017274       SkipList
 0001:00004F60       Sleep
 0001:0000B3FC       Sleep
 0001:00011164       SmallPoint
 0001:000056A4       SmallPointToPoint
 0002:00002620       smallTab
 0002:000025E8       spaceRoot
 0001:00011DE4       StartClassGroup
 0001:0002A36C       StdActns
 0001:0002A204       StdCtrls
 0001:00018FC4       StdWndProc
 0002:0000289C       StockBrush
 0002:000028A0       StockFont
 0002:000028A4       StockIcon
 0002:00002898       StockPen
 0001:00007324       StrAlloc
 0001:00007338       StrBufSize
 0001:0000AA58       StrByteType
 0001:0000AC44       StrCharLength
 0001:00007214       StrComp
 0001:00007174       StrCopy
 0001:00007370       StrDispose
 0001:0003DCCC       StreamsEqual
 0001:00007150       StrEnd
 0001:00005150       StretchBlt
 0001:00007780       StrFmt
 0001:00007238       StrIComp
 0001:00014170       StringListCompareStrings
 0001:000448D8       StripHotkey
 0001:0000719C       StrLCopy
 0001:00007138       StrLen
 0001:000077C0       StrLFmt
 0001:00007278       StrLIComp
 0001:00007164       StrMove
 0001:00007344       StrNew
 0001:0000AC64       StrNextChar
 0001:000071D0       StrPCopy
 0001:000071F4       StrPLCopy
 0001:000072D0       StrPos
 0001:000072BC       StrScan
 0001:00006C8C       StrToInt
 0001:00006CC8       StrToIntDef
 0001:000257C8       StrUtils
 0002:00000CCC       Styles
 0001:000513F0       subItemMenu_VE
 0001:0000B970       Supports
 0001:0000B994       Supports
 0002:00002850       SyncEvent
 0002:000003E8       SyncList
 0001:000228FC       SyncObjs
 0001:000002D4       SysAllocStringLen
 0001:00005C00       SysConst
 0002:00000C94       SysConsts
 0002:00000C9C       SysConsts
 0001:00009878       SysErrorMessage
 0001:00001278       SysFreeMem
 0001:000002E4       SysFreeString
 0001:000010E8       SysGetMem
 0001:00004C3C       SysInit
 0002:00002740       SysLocale
 0001:000015F8       SysReallocMem
 0001:000002DC       SysReAllocStringLen
 0001:00004A30       System
 0002:0000288C       SystemPalette16
 0001:0001C870       SystemPaletteOverride
 0001:000055F0       SystemParametersInfo
 0001:0000BF00       SysUtils
 0001:0003C668       TActionLink.IsCaptionLinked
 0001:0003C67C       TActionLink.IsCheckedLinked
 0001:0003C690       TActionLink.IsEnabledLinked
 0001:0003C6A4       TActionLink.IsGroupIndexLinked
 0001:0003C6B8       TActionLink.IsHelpContextLinked
 0001:0003C6CC       TActionLink.IsHelpLinked
 0001:0003C6E0       TActionLink.IsHintLinked
 0001:0003C6F4       TActionLink.IsImageIndexLinked
 0001:0003C708       TActionLink.IsShortCutLinked
 0001:0003C71C       TActionLink.IsVisibleLinked
 0001:0003C730       TActionLink.SetAutoCheck
 0001:0003C734       TActionLink.SetCaption
 0001:0003C738       TActionLink.SetChecked
 0001:0003C73C       TActionLink.SetEnabled
 0001:0003C740       TActionLink.SetGroupIndex
 0001:0003C744       TActionLink.SetHelpContext
 0001:0003C748       TActionLink.SetHelpKeyword
 0001:0003C74C       TActionLink.SetHelpType
 0001:0003C750       TActionLink.SetHint
 0001:0003C754       TActionLink.SetImageIndex
 0001:0003C758       TActionLink.SetShortCut
 0001:0003C75C       TActionLink.SetVisible
 0001:000509F0       TApplication.ActivateHint
 0001:0004F644       TApplication.BringToFront
 0001:00050758       TApplication.CancelHint
 0001:0004EC28       TApplication.CheckIniChange
 0001:0004E9A4       TApplication.ControlDestroyed
 0001:0004E4EC       TApplication.Create
 0001:0004FA44       TApplication.CreateForm
 0001:0004E7F4       TApplication.CreateHandle
 0001:0004E6D8       TApplication.Destroy
 0001:00050DC0       TApplication.DispatchAction
 0001:00050124       TApplication.DoActionIdle
 0001:00050188       TApplication.DoMouseIdle
 0001:0004EA74       TApplication.DoNormalizeTopMosts
 0001:00050E50       TApplication.ExecuteAction
 0001:00050D84       TApplication.GetCurrentHelpFile
 0001:0004F478       TApplication.GetIconHandle
 0001:0004F680       TApplication.GetTitle
 0001:0004FBC4       TApplication.HandleException
 0001:0004F930       TApplication.HandleMessage
 0001:000500CC       TApplication.HelpCommand
 0001:00050064       TApplication.HelpContext
 0001:0004FFFC       TApplication.HelpKeyword
 0001:00050714       TApplication.HideHint
 0001:000505CC       TApplication.HintMouseMessage
 0001:000506DC       TApplication.HintTimerExpired
 0001:0004F954       TApplication.HookMainWindow
 0001:00050EFC       TApplication.HookSynchronizeWakeup
 0001:0005035C       TApplication.IconChanged
 0001:00050200       TApplication.Idle
 0001:0004FA2C       TApplication.Initialize
 0001:0004FE94       TApplication.InvokeHelp
 0001:0004F6CC       TApplication.IsDlgMsg
 0001:0004F7F8       TApplication.IsHintMsg
 0001:0004F740       TApplication.IsKeyMsg
 0001:0004F6F0       TApplication.IsMDIMsg
 0001:0004F82C       TApplication.IsShortCut
 0001:0004FC54       TApplication.MessageBox
 0001:0004F494       TApplication.Minimize
 0001:0004EB50       TApplication.ModalFinished
 0001:0004EB24       TApplication.ModalStarted
 0001:0004EB84       TApplication.NormalizeAllTopMosts
 0001:0004EB7C       TApplication.NormalizeTopMosts
 0001:00050320       TApplication.NotifyForms
 0001:0004F898       TApplication.ProcessMessage
 0001:0004F544       TApplication.Restore
 0001:0004EB8C       TApplication.RestoreTopMosts
 0001:0004FAC4       TApplication.Run
 0001:000503C0       TApplication.SetHint
 0001:000500D4       TApplication.SetShowHint
 0001:0004EC80       TApplication.SettingChange
 0001:0004FDBC       TApplication.ShowException
 0001:00050560       TApplication.StartHintTimer
 0001:000505A4       TApplication.StopHintTimer
 0001:0004FBB0       TApplication.Terminate
 0001:0004F9B0       TApplication.UnhookMainWindow
 0001:00050F0C       TApplication.UnhookSynchronizeWakeup
 0001:00050E78       TApplication.UpdateAction
 0001:000504B0       TApplication.UpdateVisible
 0001:0004EC10       TApplication.UseRightToLeftAlignment
 0001:0004EBF8       TApplication.UseRightToLeftReading
 0001:00050538       TApplication.ValidateHelpSystem
 0001:00050EEC       TApplication.WakeMainThread
 0001:0004ED74       TApplication.WndProc
 0002:00000C84       TaskActiveWindow
 0002:00000C8C       TaskFirstTopMost
 0002:00000C88       TaskFirstWindow
 0002:00000C90       TaskWindowList
 0001:0002D9D8       TBaseDragControlObject.Assign
 0001:0002D9B4       TBaseDragControlObject.Create
 0001:0002DA04       TBaseDragControlObject.EndDrag
 0001:0002DA30       TBaseDragControlObject.Finished
 0001:000189C8       TBasicAction.Change
 0001:00018864       TBasicAction.Create
 0001:000188A8       TBasicAction.Destroy
 0001:00018934       TBasicAction.Execute
 0001:00018904       TBasicAction.ExecuteTarget
 0001:00018900       TBasicAction.HandlesTarget
 0001:00018908       TBasicAction.Notification
 0001:000189DC       TBasicAction.RegisterChanges
 0001:00018A28       TBasicAction.SetActionComponent
 0001:0001896C       TBasicAction.SetOnExecute
 0001:000189E8       TBasicAction.UnRegisterChanges
 0001:00018950       TBasicAction.Update
 0001:00018930       TBasicAction.UpdateTarget
 0001:000187B4       TBasicActionLink.AssignClient
 0001:000187EC       TBasicActionLink.Change
 0001:00018770       TBasicActionLink.Create
 0001:000187B8       TBasicActionLink.Destroy
 0001:00018804       TBasicActionLink.Execute
 0001:0001884C       TBasicActionLink.IsOnExecuteLinked
 0001:00018820       TBasicActionLink.SetAction
 0001:00018850       TBasicActionLink.SetOnExecute
 0001:00018858       TBasicActionLink.Update
 0001:0001E5C8       TBitmap.Assign
 0001:0001E79C       TBitmap.Changed
 0001:0001E778       TBitmap.Changing
 0001:0001E6B8       TBitmap.CopyImage
 0001:0001E524       TBitmap.Create
 0001:0001E58C       TBitmap.Destroy
 0001:0001EC28       TBitmap.DIBNeeded
 0001:0001E7A8       TBitmap.Dormant
 0001:0001E81C       TBitmap.Draw
 0001:0001EC9C       TBitmap.FreeContext
 0001:0001EA6C       TBitmap.FreeImage
 0001:0001EAEC       TBitmap.GetCanvas
 0001:0001EAD0       TBitmap.GetEmpty
 0001:0001EB34       TBitmap.GetHandle
 0001:0001EB58       TBitmap.GetHandleType
 0001:0001EB84       TBitmap.GetHeight
 0001:0001EB94       TBitmap.GetMaskHandle
 0001:0001EBA8       TBitmap.GetMonochrome
 0001:0001EBC4       TBitmap.GetPalette
 0001:0001EBD8       TBitmap.GetTransparentColor
 0001:0001EC20       TBitmap.GetWidth
 0001:0001ECAC       TBitmap.HandleNeeded
 0001:0001EE64       TBitmap.LoadFromClipboardFormat
 0001:0001EEE8       TBitmap.LoadFromStream
 0001:0001ED4C       TBitmap.MaskHandleNeeded
 0001:0001EF0C       TBitmap.NewImage
 0001:0001EDAC       TBitmap.PaletteNeeded
 0001:0001F00C       TBitmap.ReadData
 0001:0001F034       TBitmap.ReadDIB
 0001:0001F59C       TBitmap.ReadStream
 0001:0001FCCC       TBitmap.SaveToClipboardFormat
 0001:0001FCC4       TBitmap.SaveToStream
 0001:0001F60C       TBitmap.SetHandle
 0001:0001F6D0       TBitmap.SetHandleType
 0001:0001F808       TBitmap.SetHeight
 0001:0001F85C       TBitmap.SetMonochrome
 0001:0001F8DC       TBitmap.SetPalette
 0001:0001F9B0       TBitmap.SetWidth
 0001:0001FA04       TBitmap.WriteData
 0001:0001FA0C       TBitmap.WriteStream
 0001:0001D888       TBitmapCanvas.Create
 0001:0001D990       TBitmapCanvas.CreateHandle
 0001:0001D8C4       TBitmapCanvas.Destroy
 0001:0001D8F0       TBitmapCanvas.FreeContext
 0001:0001DAA0       TBitmapImage.Destroy
 0001:0001DAFC       TBitmapImage.FreeHandle
 0001:00012984       TBits.Destroy
 0001:000129B4       TBits.Error
 0001:00012AA8       TBits.OpenBit
 0001:00012A7C       TBits.SetBit
 0001:000129D8       TBits.SetSize
 0001:00024F90       TBoundLabel.AdjustBounds
 0001:00024F1C       TBoundLabel.Create
 0001:00024FCC       TBoundLabel.GetHeight
 0001:00024FD0       TBoundLabel.GetLeft
 0001:00024FD4       TBoundLabel.GetTop
 0001:00024FD8       TBoundLabel.GetWidth
 0001:00024FDC       TBoundLabel.SetHeight
 0001:0002500C       TBoundLabel.SetWidth
 0001:0001B624       TBrush.Assign
 0001:0001B5BC       TBrush.Create
 0001:0001B5FC       TBrush.Destroy
 0001:0001B75C       TBrush.GetColor
 0001:0001B6CC       TBrush.GetData
 0001:0001B798       TBrush.GetHandle
 0001:0001B878       TBrush.GetStyle
 0001:0001B738       TBrush.SetBitmap
 0001:0001B764       TBrush.SetColor
 0001:0001B6E8       TBrush.SetData
 0001:0001B880       TBrush.SetStyle
 0001:00029BCC       TButton.Click
 0001:00029D54       TButton.CMDialogChar
 0001:00029CE4       TButton.CMDialogKey
 0001:00029DD8       TButton.CMFocusChanged
 0001:00029CD0       TButton.CNCommand
 0001:00029E58       TButton.CNCtlColorBtn
 0001:00029B68       TButton.Create
 0001:00029C7C       TButton.CreateParams
 0001:00029CB8       TButton.CreateWnd
 0001:00029BF4       TButton.SetButtonStyle
 0001:00029C48       TButton.SetDefault
 0001:00029BF0       TButton.UseRightToLeftAlignment
 0001:00029E2C       TButton.WMEraseBkgnd
 0001:000298B4       TButtonActionLink.AssignClient
 0001:000298D8       TButtonActionLink.IsCheckedLinked
 0001:00029910       TButtonActionLink.SetChecked
 0001:000299C8       TButtonControl.ActionChange
 0001:00029AB8       TButtonControl.CNCtlColorStatic
 0001:00029974       TButtonControl.Create
 0001:00029B30       TButtonControl.CreateParams
 0001:00029A10       TButtonControl.GetActionLinkClass
 0001:00029A18       TButtonControl.GetChecked
 0001:00029A1C       TButtonControl.IsCheckedStored
 0001:00029A3C       TButtonControl.SetChecked
 0001:00029B54       TButtonControl.SetWordWrap
 0001:00029B04       TButtonControl.WMEraseBkGnd
 0001:00029A40       TButtonControl.WndProc
 0001:0001C0B4       TCanvas.BrushChanged
 0001:0001BF88       TCanvas.Changed
 0001:0001BF74       TCanvas.Changing
 0001:0001B9D4       TCanvas.CopyRect
 0001:0001B8B4       TCanvas.Create
 0001:0001BFF8       TCanvas.CreateBrush
 0001:0001BF9C       TCanvas.CreateFont
 0001:0001BEA8       TCanvas.CreateHandle
 0001:0001BFC8       TCanvas.CreatePen
 0001:0001BE4C       TCanvas.DeselectHandles
 0001:0001B978       TCanvas.Destroy
 0001:0001BA5C       TCanvas.Draw
 0001:0001BB08       TCanvas.FillRect
 0001:0001C074       TCanvas.FontChanged
 0001:0001BB44       TCanvas.FrameRect
 0001:0001BE2C       TCanvas.GetHandle
 0001:0001BD74       TCanvas.GetPenPos
 0001:0001BDB8       TCanvas.GetPixel
 0001:0001BB80       TCanvas.LineTo
 0001:0001BBB8       TCanvas.Lock
 0001:0001BBE0       TCanvas.MoveTo
 0001:0001C094       TCanvas.PenChanged
 0001:0001BF00       TCanvas.RequiredState
 0001:0001BD68       TCanvas.SetBrush
 0001:0001BD4C       TCanvas.SetFont
 0001:0001BEAC       TCanvas.SetHandle
 0001:0001BD5C       TCanvas.SetPen
 0001:0001BD98       TCanvas.SetPenPos
 0001:0001BDE4       TCanvas.SetPixel
 0001:0001BC0C       TCanvas.StretchDraw
 0001:0001BC48       TCanvas.TextExtent
 0001:0001BCA8       TCanvas.TextHeight
 0001:0001BC8C       TCanvas.TextWidth
 0001:0001BCC8       TCanvas.TryLock
 0001:0001BD24       TCanvas.Unlock
 0001:0003E538       TChangeLink.Change
 0001:0003E504       TChangeLink.Destroy
 0001:00011A58       TClassFinder.Create
 0001:00011B84       TClassFinder.Destroy
 0001:00011BB4       TClassFinder.GetClass
 0001:00012DA8       TCollection.Add
 0001:00012DC8       TCollection.Clear
 0001:00023624       TCommonDialog.Create
 0001:000236C8       TCommonDialog.DefaultHandler
 0001:0002366C       TCommonDialog.Destroy
 0001:0002386C       TCommonDialog.DoClose
 0001:00023880       TCommonDialog.DoShow
 0001:00023700       TCommonDialog.MainWndProc
 0001:000236A0       TCommonDialog.MessageHook
 0001:00023798       TCommonDialog.TaskModalDialog
 0001:00023754       TCommonDialog.WMDestroy
 0001:0002376C       TCommonDialog.WMInitDialog
 0001:00023784       TCommonDialog.WMNCDestroy
 0001:0002374C       TCommonDialog.WndProc
 0001:0001800C       TComponent.BeforeDestruction
 0001:0001852C       TComponent.ChangeName
 0001:00017F48       TComponent.Create
 0001:000182C0       TComponent.DefineProperties
 0001:00017F94       TComponent.Destroy
 0001:00018190       TComponent.DestroyComponents
 0001:000181E8       TComponent.Destroying
 0001:00018668       TComponent.ExecuteAction
 0001:00018450       TComponent.FindComponent
 0001:00018018       TComponent.FreeNotification
 0001:00018354       TComponent.GetChildOwner
 0001:00018358       TComponent.GetChildParent
 0001:0001834C       TComponent.GetChildren
 0001:00018540       TComponent.GetComponent
 0001:0001856C       TComponent.GetComponentCount
 0001:0001835C       TComponent.GetNamePath
 0001:00018370       TComponent.GetOwner
 0001:00018378       TComponent.GetParentComponent
 0001:00018348       TComponent.HasParent
 0001:000180AC       TComponent.Insert
 0001:00018100       TComponent.InsertComponent
 0001:0001876C       TComponent.IntfGetComponent
 0001:00018398       TComponent.Loaded
 0001:00018264       TComponent.Notification
 0001:000183A4       TComponent.PaletteCreated
 0001:000186EC       TComponent.QueryInterface
 0001:0001806C       TComponent.ReadLeft
 0001:000183A8       TComponent.ReadState
 0001:00018080       TComponent.ReadTop
 0001:000180D8       TComponent.Remove
 0001:00018158       TComponent.RemoveComponent
 0001:00018248       TComponent.RemoveFreeNotification
 0001:00018224       TComponent.RemoveNotification
 0001:000186CC       TComponent.SafeCallException
 0001:00018374       TComponent.SetChildOrder
 0001:0001857C       TComponent.SetComponentIndex
 0001:000185D0       TComponent.SetDesigning
 0001:000184A0       TComponent.SetName
 0001:0001837C       TComponent.SetParentComponent
 0001:00018620       TComponent.SetReference
 0001:000186B8       TComponent.SetSubComponent
 0001:00018690       TComponent.UpdateAction
 0001:0001838C       TComponent.Updated
 0001:000186E4       TComponent.UpdateRegistry
 0001:00018380       TComponent.Updating
 0001:00018438       TComponent.ValidateContainer
 0001:0001844C       TComponent.ValidateInsert
 0001:000183B8       TComponent.ValidateRename
 0001:00018094       TComponent.WriteLeft
 0001:000183B0       TComponent.WriteState
 0001:000180A0       TComponent.WriteTop
 0001:0001872C       TComponent._AddRef
 0001:0001874C       TComponent._Release
 0001:0003C104       TContainedAction.Destroy
 0001:0003C270       TContainedAction.Execute
 0001:0003C138       TContainedAction.GetIndex
 0001:0003C154       TContainedAction.GetParentComponent
 0001:0003C164       TContainedAction.HasParent
 0001:0003C150       TContainedAction.IsCategoryStored
 0001:0003C174       TContainedAction.ReadState
 0001:0003C21C       TContainedAction.SetActionList
 0001:0003C1F0       TContainedAction.SetCategory
 0001:0003C1A8       TContainedAction.SetIndex
 0001:0003C244       TContainedAction.SetParentComponent
 0001:0003C2C8       TContainedAction.Update
 0001:00032280       TControl.ActionChange
 0001:0003266C       TControl.AdjustSize
 0001:000324A0       TControl.AssignTo
 0001:00030A3C       TControl.BeginAutoDrag
 0001:00030A54       TControl.BeginDrag
 0001:00030618       TControl.BringToFront
 0001:0003142C       TControl.CalcCursorPos
[...]
 0001:000506DC       TApplication.HintTimerExpired
 0001:00050714       TApplication.HideHint
 0001:00050758       TApplication.CancelHint
 0001:00050780       FindScanline
 0001:00050790       GetCursorHeightMargin
 0001:000508E4       ValidateHintWindow
 0001:00050944       MultiLineWidth
 0001:000509F0       TApplication.ActivateHint
 0001:00050D84       TApplication.GetCurrentHelpFile
 0001:00050DC0       TApplication.DispatchAction
 0001:00050E50       TApplication.ExecuteAction
 0001:00050E78       TApplication.UpdateAction
 0001:00050EA0       InitProcs
 0001:00050EEC       TApplication.WakeMainThread
 0001:00050EFC       TApplication.HookSynchronizeWakeup
 0001:00050F0C       TApplication.UnhookSynchronizeWakeup
 0001:00050F2C       Finalization
 0001:00050F88       Forms
 0001:000513F0       subItemMenu_VE
 0001:000514E0       itemMenu_VE
 0001:000515D8       TfrmMenu.btnOKClick
 0001:000516F4       TfrmMenu.FormShow
 0001:0005171C       TfrmMenu.btnAbrirClick
 0001:00051734       TfrmMenu.btnOpcao1Click
 0001:0005174C       TfrmMenu.btnFecharClick
 0001:00051764       TfrmMenu.submenu1Click
 0001:0005177C       TfrmMenu.submenu2Click
 0001:00051794       TfrmMenu.submenu4Click
 0001:000517AC       TfrmMenu.btnNovo1Click
 0001:000517C4       TfrmMenu.btnSubMenuNivel4Click
 0001:000517DC       TfrmMenu.btnSobreClick
 0001:000517F4       TfrmMenu.btnSubAjudaClick
 0001:0005180C       Finalization
 0001:0005183C       unt_Teste_Menu
 0001:00051844       Finalization
 0001:00051A4C       TesteMenu
 0002:00000000       ExitCode
 0002:00000004       ErrorAddr
 0002:00000008       FileMode
 0002:0000000C       VarClearProc
 0002:00000010       VarAddRefProc
 0002:00000014       VarCopyProc
 0002:00000018       VarToLStrProc
 0002:0000001C       VarToWStrProc
 0002:00000020       Default8087CW
 0002:00000024       HeapAllocFlags
 0002:00000028       DebugHook
 0002:0000002C       JITEnable
 0002:00000030       NoErrMsg
 0002:00000034       LibModuleList
 0002:00000038       ModuleUnloadList
 0002:0000003C       MemoryManager
 0002:00000048       reMap
 0002:00000064       errCaption
 0002:0000006C       runErrMsg
 0002:0000008C       dig
 0002:0000009C       TlsIndex
 0002:000000A0       PtrToNil
 0002:000000A4       Module
 0002:000000BC       EmptyStr
 0002:000000C0       EmptyWideStr
 0002:000000C4       Win32Platform
 0002:000000C8       Win32MajorVersion
 0002:000000CC       Win32MinorVersion
 0002:000000D0       Win32BuildNumber
 0002:000000D4       Win32CSDVersion
 0002:000000D8       TwoDigitYearCenturyWindow
 0002:000000DC       MonthDays
 0002:0000010C       LeadBytes
 0002:0000012C       HexDisplayPrefix
 0002:00000130       GetDiskFreeSpaceEx
 0002:00000134       ExitProcList
 0002:00000138       cSimpleBoolStrs
 0002:00000140       AccessMode
 0002:0000014C       ShareMode
 0002:00000160       FormatErrorStrs
 0002:00000168       FCon1E18
 0002:00000174       DCon10
 0002:00000178       CWNear
 0002:0000017C       FMSecsPerDay
 0002:00000180       IMSecsPerDay
 0002:00000184       Format
 0002:00000188       DefShortMonthNames
 0002:000001B8       DefLongMonthNames
 0002:000001E8       DefShortDayNames
 0002:00000204       DefLongDayNames
 0002:00000220       ErrorMap
 0002:00000258       ExceptMap
 0002:00000308       WesternGroups
 0002:0000030C       TerminateProcList
 0002:00000310       CResult
 0002:00000318       NullStrictConvert
 0002:0000031C       NullAsStringValue
 0002:00000320       PackVarCreation
 0002:00000324       BooleanToStringRule
 0002:00000328       CInvalidCustomVariantType
 0002:0000032C       CRangeToType
 0002:00000340       CText
 0002:00000394       CRelationshipToBoolean
 0002:000003A8       BooleanIdents
 0002:000003B0       DotSep
 0002:000003B4       AddDataModule
 0002:000003BC       RemoveDataModule
 0002:000003C4       ApplicationHandleException
 0002:000003CC       ApplicationShowException
 0002:000003D4       WakeMainThread
 0002:000003DC       FilerSignature
 0002:000003E0       NilMethod
 0002:000003E8       SyncList
 0002:000003EC       BlockCode
 0002:000003F0       UtilWindowClass
 0002:00000418       DefFontData
 0002:00000444       DDBsOnly
 0002:00000448       Colors
 0002:000005E8       FontCharsets
 0002:00000678       DefPenData
 0002:00000688       PenStyles
 0002:00000698       DefBrushData
 0002:000006A8       PenModes
 0002:000006C8       ClipboardFormats
 0002:000006CC       FileFormats
 0002:000006D0       BitmapCanvasList
 0002:000006D4       DIBPalSizes
 0002:000006D8       PalSize
 0002:000006DC       Pal16
 0002:0000071C       FPrinter
 0002:00000720       CreationControl
 0002:00000724       WndProcPtrAtom
 0002:00000728       Captions
 0002:0000073C       ButtonNames
 0002:00000768       ButtonCaptions
 0002:00000794       ColorToPretyName
 0002:0000090C       BitBtnCaptions
 0002:00000938       Values
 0002:00000940       Values
 0002:00000948       MAPIDLL
 0002:0000094C       MAPIModule
 0002:00000950       RTFConversionFormat
 0002:0000095C       TextConversionFormat
 0002:00000968       ThemeServicesClass
 0002:0000096C       Copyright
 0002:00000970       ThemeDataNames
 0002:000009D0       BorderStyles
 0002:000009D8       Alignments
 0002:000009E0       WordWraps
 0002:000009E4       WordWraps
 0002:000009E8       Passwords
 0002:000009F0       ReadOnlys
 0002:000009F8       CharCases
 0002:00000A04       HideSelections
 0002:00000A0C       OEMConverts
 0002:00000A14       ButtonStyles
 0002:00000A1C       Alignments
 0002:00000A2C       AnimateWindowProc
 0002:00000A30       CreationControl
 0002:00000A34       DefaultDockTreeClass
 0002:00000A38       AnchorAlign
 0002:00000A40       Cursors
 0002:00000AF0       CaptureControl
 0002:00000AF4       ShowFlags
 0002:00000AF8       WindowPos
 0002:00000AFC       InnerStyles
 0002:00000B0C       OuterStyles
 0002:00000B1C       EdgeStyles
 0002:00000B2C       Ctl3DStyles
 0002:00000B34       AnimationStyle
 0002:00000B40       OrientArray
 0002:00000B48       MakeLast
 0002:00000B50       TreeStreamEndFlag
 0002:00000B54       SizeCursors
 0002:00000B5C       IMM32DLL
 0002:00000B60       ModeMap
 0002:00000B68       DrawingStyles
 0002:00000B78       Images
 0002:00000B80       Mask
 0002:00000B88       ValidMenuHotkeys
 0002:00000B8C       cMenuAutoFlagToItem
 0002:00000B90       cItemAutoFlagToMenu
 0002:00000B94       cBooleanToItemAutoFlag
 0002:00000B98       cItemAutoFlagToBoolean
 0002:00000B9C       MenuKeyCaps
 0002:00000BE4       Checks
 0002:00000BEC       Enables
 0002:00000BF4       Breaks
 0002:00000C00       Separators
 0002:00000C08       IBreaks
 0002:00000C14       IChecks
 0002:00000C1C       IDefaults
 0002:00000C24       IEnables
 0002:00000C2C       IRadios
 0002:00000C34       ISeparators
 0002:00000C3C       IRTL
 0002:00000C44       IOwnerDraw
 0002:00000C4C       Alignments
 0002:00000C54       EdgeStyle
 0002:00000C5C       Alignments
 0002:00000C64       Flags
 0002:00000C70       Buttons
 0002:00000C74       HintWindowClass
 0002:00000C78       SetLayeredWindowAttributes
 0002:00000C7C       FocusMessages
 0002:00000C80       FocusCount
 0002:00000C84       TaskActiveWindow
 0002:00000C88       TaskFirstWindow
 0002:00000C8C       TaskFirstTopMost
 0002:00000C90       TaskWindowList
 0002:00000C94       SysConsts
 0002:00000C9C       SysConsts
 0002:00000CA4       Props
 0002:00000CCC       Styles
 0002:00000CD8       ShowCommands
 0002:00000CE4       ShowCommands
 0002:00000CF0       ShowCommands
 0002:00000CFC       cUseAlpha
 0002:00000D04       cUseColorKey
 0002:00000D0C       CursorMap
 0002:00000D60       WindowClass
 0002:00000D88       AppVisible
 0002:00000D8C       ShowFlags
 0002:00002000       DispCallByIDProc
 0002:00002004       ExceptProc
 0002:00002008       ErrorProc
 0002:0000200C       ExceptClsProc
 0002:00002010       ExceptObjProc
 0002:00002014       RaiseExceptionProc
 0002:00002018       RTLUnwindProc
 0002:0000201C       ExceptionClass
 0002:00002020       AssertErrorProc
 0002:00002024       ExitProcessProc
 0002:00002028       AbstractErrorProc
 0002:0000202C       MainInstance
 0002:00002030       MainThreadID
 0002:00002034       IsLibrary
 0002:00002038       CmdShow
 0002:0000203C       CmdLine
 0002:00002040       InitProc
 0002:00002044       ExitProc
 0002:00002048       IsConsole
 0002:00002049       IsMultiThread
 0002:0000204A       Test8086
 0002:0000204C       Input
 0002:00002218       Output
 0002:000023E4       ErrOutput
 0002:000025B0       AllocMemCount
 0002:000025B4       AllocMemSize
 0002:000025B8       .5
 0002:000025BC       DefaultUserCodePage
 0002:000025C0       initialized
 0002:000025C4       heapErrorCode
 0002:000025C8       heapLock
 0002:000025E0       blockDescBlockList
 0002:000025E4       blockDescFreeList
 0002:000025E8       spaceRoot
 0002:000025F8       decommittedRoot
 0002:00002608       avail
 0002:00002614       rover
 0002:00002618       remBytes
 0002:0000261C       curAlloc
 0002:00002620       smallTab
 0002:00002624       committedRoot
 0002:00002634       InitContext
 0002:00002660       ModuleIsLib
 0002:00002661       ModuleIsCpp
 0002:00002664       HInstance
 0002:00002668       .1
 0002:0000266C       tlsBuffer
 0002:00002670       .1
 0002:00002674       .3
 0002:00002678       .1
 0002:0000267C       .1
 0002:00002680       CurrencyString
 0002:00002684       CurrencyFormat
 0002:00002685       NegCurrFormat
 0002:00002686       ThousandSeparator
 0002:00002687       DecimalSeparator
 0002:00002688       CurrencyDecimals
 0002:00002689       DateSeparator
 0002:0000268C       ShortDateFormat
 0002:00002690       LongDateFormat
 0002:00002694       TimeSeparator
 0002:00002698       TimeAMString
 0002:0000269C       TimePMString
 0002:000026A0       ShortTimeFormat
 0002:000026A4       LongTimeFormat
 0002:000026A8       ShortMonthNames
 0002:000026D8       LongMonthNames
 0002:00002708       ShortDayNames
 0002:00002724       LongDayNames
 0002:00002740       SysLocale
 0002:0000274E       ListSeparator
 0002:00002750       EraNames
 0002:0000276C       EraYearOffsets
 0002:00002788       TrueBoolStrs
 0002:0000278C       FalseBoolStrs
 0002:00002790       .35
 0002:00002794       OutOfMemory
 0002:00002798       InvalidPointer
 0002:0000279C       FLanguages
 0002:000027A0       VariantChangeTypeEx
 0002:000027A4       VarNeg
 0002:000027A8       VarNot
 0002:000027AC       VarAdd
 0002:000027B0       VarSub
 0002:000027B4       VarMul
 0002:000027B8       VarDiv
 0002:000027BC       VarIDiv
 0002:000027C0       VarMod
 0002:000027C4       VarAnd
 0002:000027C8       VarOr
 0002:000027CC       VarXor
 0002:000027D0       VarCmp
 0002:000027D4       VarI4FromStr
 0002:000027D8       VarR4FromStr
 0002:000027DC       VarR8FromStr
 0002:000027E0       VarDateFromStr
 0002:000027E4       VarCyFromStr
 0002:000027E8       VarBoolFromStr
 0002:000027EC       VarBstrFromCy
 0002:000027F0       VarBstrFromDate
 0002:000027F4       VarBstrFromBool
 0002:000027F8       .5
 0002:000027FC       EmptyParam
 0002:0000280C       VarDispProc
 0002:00002810       ClearAnyProc
 0002:00002814       ChangeAnyProc
 0002:00002818       RefAnyProc
 0002:0000281C       .81
 0002:00002820       LVarTypes
 0002:00002824       LVarTypeSync
 0002:0000283C       .1
 0002:00002840       .6
 0002:00002844       .3
 0002:00002848       GlobalNameSpace
 0002:0000284C       IsUniqueGlobalComponentNameProc
 0002:00002850       SyncEvent
 0002:00002854       .45
 0002:00002858       IntConstList
 0002:0000285C       RegGroups
 0002:00002860       FindGlobalComponentProcs
 0002:00002864       GlobalFixupList
 0002:00002868       ThreadLock
 0002:00002880       InstBlockList
 0002:00002884       InstFreeList
 0002:00002888       .1
 0002:0000288C       SystemPalette16
 0002:00002890       .12
 0002:00002894       ScreenLogPixels
 0002:00002898       StockPen
 0002:0000289C       StockBrush
 0002:000028A0       StockFont
 0002:000028A4       StockIcon
 0002:000028A8       BitmapImageLock
 0002:000028C0       CounterLock
 0002:000028D8       FontManager
 0002:000028DC       PenManager
 0002:000028E0       BrushManager
 0002:000028E4       CanvasList
 0002:000028E8       PatternManager
 0002:000028EC       .2
 0002:000028F0       .21
 0002:000028F4       .1
 0002:000028F8       GetSystemMetrics
 0002:000028FC       MonitorFromWindow
 0002:00002900       MonitorFromRect
 0002:00002904       MonitorFromPoint
 0002:00002908       GetMonitorInfo
 0002:0000290C       GetMonitorInfoA
 0002:00002910       GetMonitorInfoW
 0002:00002914       EnumDisplayMonitors
 0002:00002918       .1
 0002:0000291C       User32Dll
 0002:00002920       InitApis
 0002:00002928       MMAvailable
 0002:0000292C       .1
 0002:00002930       .2
 0002:00002934       HelpManager
 0002:00002938       .3
 0002:0000293C       .3
 0002:00002940       FlatSB_EnableScrollBar
 0002:00002944       FlatSB_ShowScrollBar
 0002:00002948       FlatSB_GetScrollRange
 0002:0000294C       FlatSB_GetScrollInfo
 0002:00002950       FlatSB_GetScrollPos
 0002:00002954       FlatSB_SetScrollPos
 0002:00002958       FlatSB_SetScrollInfo
 0002:0000295C       FlatSB_SetScrollRange
 0002:00002960       .1
 0002:00002964       _FlatSB_GetScrollProp
 0002:00002968       _FlatSB_SetScrollProp
 0002:0000296C       _InitializeFlatSB
 0002:00002970       _UninitializeFlatSB
 0002:00002974       .6
 0002:00002978       OpenThemeData
 0002:0000297C       CloseThemeData
 0002:00002980       DrawThemeBackground
 0002:00002984       DrawThemeText
 0002:00002988       GetThemeBackgroundContentRect
 0002:0000298C       GetThemeBackgroundExtent
 0002:00002990       GetThemePartSize
 0002:00002994       GetThemeTextExtent
 0002:00002998       GetThemeTextMetrics
 0002:0000299C       GetThemeBackgroundRegion
 0002:000029A0       HitTestThemeBackground
 0002:000029A4       DrawThemeEdge
 0002:000029A8       DrawThemeIcon
 0002:000029AC       IsThemePartDefined
 0002:000029B0       IsThemeBackgroundPartiallyTransparent
 0002:000029B4       GetThemeColor
 0002:000029B8       GetThemeMetric
 0002:000029BC       GetThemeString
 0002:000029C0       GetThemeBool
 0002:000029C4       GetThemeInt
 0002:000029C8       GetThemeEnumValue
 0002:000029CC       GetThemePosition
 0002:000029D0       GetThemeFont
 0002:000029D4       GetThemeRect
 0002:000029D8       GetThemeMargins
 0002:000029DC       GetThemeIntList
 0002:000029E0       GetThemePropertyOrigin
 0002:000029E4       SetWindowTheme
 0002:000029E8       GetThemeFilename
 0002:000029EC       GetThemeSysColor
 0002:000029F0       GetThemeSysColorBrush
 0002:000029F4       GetThemeSysBool
 0002:000029F8       GetThemeSysSize
 0002:000029FC       GetThemeSysFont
 0002:00002A00       GetThemeSysString
 0002:00002A04       GetThemeSysInt
 0002:00002A08       IsThemeActive
 0002:00002A0C       IsAppThemed
 0002:00002A10       GetWindowTheme
 0002:00002A14       EnableThemeDialogTexture
 0002:00002A18       IsThemeDialogTextureEnabled
 0002:00002A1C       GetThemeAppProperties
 0002:00002A20       SetThemeAppProperties
 0002:00002A24       GetCurrentThemeName
 0002:00002A28       GetThemeDocumentationProperty
 0002:00002A2C       DrawThemeParentBackground
 0002:00002A30       EnableTheming
 0002:00002A34       .1
 0002:00002A38       ThemeLibrary
 0002:00002A3C       ReferenceCount
 0002:00002A40       Lock
 0002:00002A44       .1
 0002:00002A48       .4
 0002:00002A4C       .1
 0002:00002A50       .1
 0002:00002A54       .1
 0002:00002A58       .1
 0002:00002A5C       .1
 0002:00002A60       .1
 0002:00002A64       .1
 0002:00002A68       .11
 0002:00002A6C       HelpMsg
 0002:00002A70       FindMsg
 0002:00002A74       .12
 0002:00002A78       .1
 0002:00002A7C       CF_PICTURE
 0002:00002A7E       CF_COMPONENT
 0002:00002A80       .2
 0002:00002A84       FClipboard
 0002:00002A88       .1
 0002:00002A8C       .4
 0002:00002A90       BitBtnGlyphs
 0002:00002ABC       .3
 0002:00002AC0       .8
 0002:00002AC4       .5
 0002:00002AC8       .1
 0002:00002ACC       .72
 0002:00002AD0       UrlMonHandle
 0002:00002AD4       UrlMonInitialized
 0002:00002AD8       .8
 0002:00002ADC       .36
 0002:00002AE0       ShellModule
 0002:00002AE4       FRichEditModule
 0002:00002AE8       ComCtlVersion
 0002:00002AEC       .2
 0002:00002AF0       InternalServices
 0002:00002AF4       .42
 0002:00002AF8       .73
 0002:00002AFC       WinHelpTester
 0002:00002B00       ViewerName
 0002:00002B04       .1
 0002:00002B08       HelpViewer
 0002:00002B0C       HelpViewerIntf
 0002:00002B10       Mouse
 0002:00002B14       NewStyleControls
 0002:00002B18       .72
 0002:00002B1C       WindowAtom
 0002:00002B1E       ControlAtom
 0002:00002B20       WindowAtomString
 0002:00002B24       ControlAtomString
 0002:00002B28       RM_GetObjectInstance
 0002:00002B2C       DragControl
 0002:00002B30       DragObject
 0002:00002B34       DragInternalObject
 0002:00002B38       DragCapture
 0002:00002B3C       DragStartPos
 0002:00002B44       DragSaveCursor
 0002:00002B48       DragThreshold
 0002:00002B4C       ActiveDrag
 0002:00002B50       DragImageList
 0002:00002B54       DockSiteList
 0002:00002B58       QualifyingSites
 0002:00002B5C       DragSave
 0002:00002B60       CanvasList
 0002:00002B64       _WINNLSEnableIME
 0002:00002B68       _ImmGetContext
 0002:00002B6C       _ImmReleaseContext
 0002:00002B70       _ImmGetConversionStatus
 0002:00002B74       _ImmSetConversionStatus
 0002:00002B78       _ImmSetOpenStatus
 0002:00002B7C       _ImmSetCompositionWindow
 0002:00002B80       _ImmSetCompositionFont
 0002:00002B84       _ImmGetCompositionString
 0002:00002B88       _ImmIsIME
 0002:00002B8C       _ImmNotifyIME
 0002:00002B90       .8
 0002:00002B94       .3
 0002:00002B98       CachedComCtrlVer
 0002:00002B9C       ImageListWriteExProc
 0002:00002BA0       PopupList
 0002:00002BA4       ShortCutItems
 0002:00002BA8       .9
 0002:00002BAC       CommandPool
 0002:00002BB0       Application
 0002:00002BB4       Screen
 0002:00002BB8       .41
 0002:00002BBC       RM_TaskbarCreated
 0002:00002BC0       HintThreadID
 0002:00002BC4       HintDoneEvent
 0002:00002BC8       HintHook
 0002:00002BCC       HintThread
 0002:00002BD0       frmMenu
 0002:00002BD4       .2


Line numbers for unt_Teste_Menu(unt_Teste_Menu.pas) segment .text

    70 0001:000513F0    72 0001:0005141F    73 0001:00051430    74 0001:00051448
    75 0001:00051476    76 0001:00051481    77 0001:00051494    79 0001:000514A5
    81 0001:000514A7    72 0001:000514A8    82 0001:000514D5    87 0001:000514E0
    91 0001:0005150F    92 0001:00051525    93 0001:0005153E    94 0001:0005156D
    95 0001:00051578    96 0001:0005158C    98 0001:0005159E   100 0001:000515A0
    91 0001:000515A1   101 0001:000515CE   109 0001:000515D8   111 0001:000515F2
   112 0001:00051604   113 0001:00051616   115 0001:0005163B   119 0001:0005165E
   120 0001:00051670   121 0001:00051682   123 0001:000516A7   127 0001:000516EC
   135 0001:000516F4   136 0001:000516F7   137 0001:00051707   138 0001:00051717
   148 0001:0005171C   149 0001:00051730   153 0001:00051734   154 0001:00051748
   158 0001:0005174C   159 0001:00051760   163 0001:00051764   164 0001:00051778
   168 0001:0005177C   169 0001:00051790   173 0001:00051794   174 0001:000517A8
   178 0001:000517AC   179 0001:000517C0   183 0001:000517C4   184 0001:000517D8
   188 0001:000517DC   189 0001:000517F0   193 0001:000517F4   194 0001:00051808
   196 0001:0005183C   196 0001:00051843

Line numbers for TesteMenu(T:\TesteMenu\TesteMenu.dpr) segment .text

     9 0001:00051A4C    10 0001:00051A5C    11 0001:00051A68    12 0001:00051A80
    13 0001:00051A8C

Bound resource files

c:\program files (x86)\borland\delphi7\Lib\Buttons.res
c:\program files (x86)\borland\delphi7\Lib\ExtDlgs.res
c:\program files (x86)\borland\delphi7\Lib\Controls.res
unt_Teste_Menu.dfm
TesteMenu.res
TesteMenu.drf


Program entry point at 0001:00051A4C
